tcp_udp_stack.c:52:6:TCP_UDP_Notify	16	static
tcp_udp_stack.c:59:6:TCP_UDP_Send	24	static
tcp_udp_stack.c:74:6:AudioPacketHandle	24	static
tcp_udp_stack.c:97:6:TCP_Packet_Handle	56	static
tcp_udp_stack.c:277:5:HexStringToByteArray	24	static
tcp_udp_stack.c:314:6:TCP_Packet_Analyze	40	static
tcp_udp_stack.c:374:6:UDP_Packet_Analyze	40	static
tcp_udp_stack.c:401:9:TCP_UDP_GetNtpTime	20	static
tcp_udp_stack.c:471:6:TCP_UDP_Stack_Init	24	static
tcp_udp_stack.c:516:6:TCP_UDP_Stack_Release	8	static
tcp_udp_stack.c:525:6:TCP_Timer_Callback	24	static
tcp_udp_stack.c:586:6:TCP_Request	8	static
tcp_udp_stack.c:591:6:Is_TCP_LTSHanshake_Connected	4	static
tcp_udp_stack.c:594:6:CheckMD5	32	static
tcp_udp_stack.c:613:6:ConvertTextWithSalt	32	static
tcp_udp_stack.c:645:6:CheckSaltACK	24	static
