core_cm4.h:1676:26:__NVIC_GetPriorityGrouping	4	static
core_cm4.h:1688:22:__NVIC_EnableIRQ	16	static
core_cm4.h:1816:22:__NVIC_SetPriority	16	static
core_cm4.h:1863:26:NVIC_EncodePriority	40	static
core_cm4.h:2064:26:ITM_SendChar	16	static,ignoring_inline_asm
stm32f4xx_ll_dma.h:596:22:LL_DMA_SetDataTransferDirection	24	static
stm32f4xx_ll_dma.h:644:22:LL_DMA_SetMode	24	static
stm32f4xx_ll_dma.h:691:22:LL_DMA_SetPeriphIncMode	24	static
stm32f4xx_ll_dma.h:736:22:LL_DMA_SetMemoryIncMode	24	static
stm32f4xx_ll_dma.h:782:22:LL_DMA_SetPeriphSize	24	static
stm32f4xx_ll_dma.h:829:22:LL_DMA_SetMemorySize	24	static
stm32f4xx_ll_dma.h:922:22:LL_DMA_SetStreamPriorityLevel	24	static
stm32f4xx_ll_dma.h:1020:22:LL_DMA_SetChannelSelection	24	static
stm32f4xx_ll_dma.h:1277:22:LL_DMA_DisableFifoMode	16	static
stm32f4xx_ll_rcc.h:2951:22:LL_RCC_HSE_Enable	4	static
stm32f4xx_ll_rcc.h:2971:26:LL_RCC_HSE_IsReady	4	static
stm32f4xx_ll_rcc.h:3190:22:LL_RCC_SetSysClkSource	16	static
stm32f4xx_ll_rcc.h:3206:26:LL_RCC_GetSysClkSource	4	static
stm32f4xx_ll_rcc.h:3226:22:LL_RCC_SetAHBPrescaler	16	static
stm32f4xx_ll_rcc.h:3242:22:LL_RCC_SetAPB1Prescaler	16	static
stm32f4xx_ll_rcc.h:3258:22:LL_RCC_SetAPB2Prescaler	16	static
stm32f4xx_ll_rcc.h:4186:22:LL_RCC_PLL_Enable	4	static
stm32f4xx_ll_rcc.h:4207:26:LL_RCC_PLL_IsReady	4	static
stm32f4xx_ll_rcc.h:4306:22:LL_RCC_PLL_ConfigDomain_SYS	24	static
stm32f4xx_ll_bus.h:411:22:LL_AHB1_GRP1_EnableClock	24	static
stm32f4xx_ll_bus.h:1706:22:LL_APB2_GRP1_EnableClock	24	static
stm32f4xx_ll_system.h:1542:22:LL_FLASH_SetLatency	16	static
stm32f4xx_ll_system.h:1568:26:LL_FLASH_GetLatency	4	static
stm32f4xx_ll_pwr.h:507:22:LL_PWR_SetRegulVoltageScaling	16	static
stm32f4xx_ll_usart.h:411:22:LL_USART_Enable	16	static
stm32f4xx_ll_usart.h:1480:22:LL_USART_ConfigAsyncMode	16	static
stm32f4xx_ll_gpio.h:772:26:LL_GPIO_ReadInputPort	16	static
stm32f4xx_ll_gpio.h:882:22:LL_GPIO_SetOutputPin	16	static
main.c:209:6:SimStt_Timer_Callback	16	static
main.c:241:5:_write	32	static
main.c:253:6:configureTimerForRunTimeStats	8	static
main.c:258:15:getRunTimeCounterValue	4	static
main.c:283:5:main	8	static
main.c:399:6:SystemClock_Config	8	static
main.c:445:13:MX_SPI3_Init	8	static
main.c:483:13:MX_TIM2_Init	32	static
main.c:528:13:MX_TIM8_Init	32	static
main.c:574:13:MX_USART1_UART_Init	64	static
main.c:646:13:MX_DMA_Init	8	static
main.c:665:13:MX_GPIO_Init	32	static
main.c:708:6:StartConfigSimTask	16	static
main.c:724:6:StartConnectSimTask	16	static
main.c:733:6:StartSendSimTask	16	static
main.c:740:6:StartRecvSimTask	16	static
main.c:748:6:StartConnectEthTask	16	static
main.c:754:6:StartSendEthTask	16	static
main.c:759:6:StartRecvEthTask	16	static
main.c:773:6:StartDefaultTask	16	static
main.c:823:6:CallbackTimerPeriodic	16	static
main.c:831:6:CallbackTimerOnce	16	static
main.c:846:6:HAL_TIM_PeriodElapsedCallback	16	static
main.c:863:6:Error_Handler	4	static,ignoring_inline_asm
