stm32f4xx_ll_dma.h:495:22:LL_DMA_EnableStream	16	static
stm32f4xx_ll_dma.h:515:22:LL_DMA_DisableStream	16	static
stm32f4xx_ll_dma.h:535:26:LL_DMA_IsEnabledStream	16	static
stm32f4xx_ll_dma.h:596:22:LL_DMA_SetDataTransferDirection	24	static
stm32f4xx_ll_dma.h:644:22:LL_DMA_SetMode	24	static
stm32f4xx_ll_dma.h:691:22:LL_DMA_SetPeriphIncMode	24	static
stm32f4xx_ll_dma.h:736:22:LL_DMA_SetMemoryIncMode	24	static
stm32f4xx_ll_dma.h:782:22:LL_DMA_SetPeriphSize	24	static
stm32f4xx_ll_dma.h:829:22:LL_DMA_SetMemorySize	24	static
stm32f4xx_ll_dma.h:922:22:LL_DMA_SetStreamPriorityLevel	24	static
stm32f4xx_ll_dma.h:969:22:LL_DMA_SetDataLength	24	static
stm32f4xx_ll_dma.h:991:26:LL_DMA_GetDataLength	16	static
stm32f4xx_ll_dma.h:1020:22:LL_DMA_SetChannelSelection	24	static
stm32f4xx_ll_dma.h:1277:22:LL_DMA_DisableFifoMode	16	static
stm32f4xx_ll_dma.h:1437:22:LL_DMA_SetMemoryAddress	24	static
stm32f4xx_ll_dma.h:1460:22:LL_DMA_SetPeriphAddress	24	static
stm32f4xx_ll_bus.h:411:22:LL_AHB1_GRP1_EnableClock	24	static
stm32f4xx_ll_bus.h:1706:22:LL_APB2_GRP1_EnableClock	24	static
stm32f4xx_ll_usart.h:411:22:LL_USART_Enable	16	static
stm32f4xx_ll_usart.h:425:22:LL_USART_Disable	16	static
stm32f4xx_ll_usart.h:436:26:LL_USART_IsEnabled	16	static
stm32f4xx_ll_usart.h:1021:22:LL_USART_SetBaudRate	160	static
stm32f4xx_ll_usart.h:1480:22:LL_USART_ConfigAsyncMode	16	static
stm32f4xx_ll_usart.h:1804:26:LL_USART_IsActiveFlag_TC	16	static
stm32f4xx_ll_usart.h:1815:26:LL_USART_IsActiveFlag_TXE	16	static
stm32f4xx_ll_usart.h:2317:22:LL_USART_EnableDMAReq_RX	40	static,ignoring_inline_asm
stm32f4xx_ll_usart.h:2427:22:LL_USART_TransmitData8	16	static
stm32f4xx_ll_gpio.h:772:26:LL_GPIO_ReadInputPort	16	static
stm32f4xx_ll_gpio.h:882:22:LL_GPIO_SetOutputPin	16	static
stm32f4xx_ll_gpio.h:911:22:LL_GPIO_ResetOutputPin	16	static
sim7600_uart_dma.c:49:6:sim7600_powerON	16	static
sim7600_uart_dma.c:77:6:sim7600_powerOFF	16	static
sim7600_uart_dma.c:105:6:sim7600_reset	8	static
sim7600_uart_dma.c:118:6:sim7600_gpio_init	32	static
sim7600_uart_dma.c:152:6:sim7600_init	72	static
sim7600_uart_dma.c:251:6:sim7600_update_response	16	static
sim7600_uart_dma.c:265:6:sim7600_usart_send_string	24	static
sim7600_uart_dma.c:288:6:sim7600_usart_send_byte	24	static
sim7600_uart_dma.c:304:5:sim7600_send_cmd	32	static
sim7600_uart_dma.c:326:5:sim7600_AT	64	static
sim7600_uart_dma.c:383:5:sim7600_AT_notify_error	40	static
sim7600_uart_dma.c:400:6:sim7600_send_packet_ip	48	static
sim7600_uart_dma.c:482:6:sim7600_IP	56	static
sim7600_uart_dma.c:499:6:sim7600_miniConfig	4	static
sim7600_uart_dma.c:507:6:sim7600_fullConfig	48	static
sim7600_uart_dma.c:560:6:sim7600_fullConfigTask	24	static
sim7600_uart_dma.c:695:6:sim7600_connectTask	40	static
sim7600_uart_dma.c:833:6:sim7600_delete_all_msg	4	static
sim7600_uart_dma.c:838:6:sim7600_sendTask	48	static
sim7600_uart_dma.c:868:6:sim7600_recvTask	8	static
sim7600_uart_dma.c:884:6:sim7600_usart_rx_check	24	static
sim7600_uart_dma.c:955:5:check_normal_response	24	static
sim7600_uart_dma.c:994:5:check_normal_ip_packet	40	static
sim7600_uart_dma.c:1063:5:sim7600_handle_received_data	64	static
sim7600_uart_dma.c:1325:6:sim7600_change_baud	16	static
sim7600_uart_dma.c:1337:6:sim7600_reset_all_state	8	static
sim7600_uart_dma.c:1357:6:sim7600_restart	8	static
