tcp_udp_stack.c:52:6:TCP_UDP_Notify	16	static
tcp_udp_stack.c:59:6:TCP_UDP_Send	24	static
tcp_udp_stack.c:73:6:AudioPacketHandle	24	static
tcp_udp_stack.c:96:6:TCP_Packet_Handle	56	static
tcp_udp_stack.c:277:5:HexStringToByteArray	24	static
tcp_udp_stack.c:315:5:HexStringToByteArrayUDP	32	static
tcp_udp_stack.c:352:6:TCP_Packet_Analyze	40	static
tcp_udp_stack.c:410:10:checkSum	24	static
tcp_udp_stack.c:435:6:UDP_Packet_Analyze	40	static
tcp_udp_stack.c:468:9:TCP_UDP_GetNtpTime	32	static
tcp_udp_stack.c:540:6:TCP_UDP_Stack_Init	24	static
tcp_udp_stack.c:585:6:TCP_UDP_Stack_Release	8	static
tcp_udp_stack.c:594:6:TCP_Timer_Callback	32	static
tcp_udp_stack.c:658:6:TCP_Request	8	static
tcp_udp_stack.c:663:6:Is_TCP_LTSHanshake_Connected	4	static
tcp_udp_stack.c:666:6:CheckMD5	32	static
tcp_udp_stack.c:685:6:ConvertTextWithSalt	32	static
tcp_udp_stack.c:717:6:CheckSaltACK	24	static
