tcp_udp_stack.c:52:6:TCP_UDP_Notify	16	static
tcp_udp_stack.c:59:6:TCP_UDP_Send	24	static
tcp_udp_stack.c:73:6:AudioPacketHandle	24	static
tcp_udp_stack.c:94:6:TCP_Packet_Handle	56	static
tcp_udp_stack.c:275:5:HexStringToByteArray	24	static
tcp_udp_stack.c:313:5:HexStringToByteArrayUDP	32	static
tcp_udp_stack.c:350:6:TCP_Packet_Analyze	40	static
tcp_udp_stack.c:408:10:checkSum	24	static
tcp_udp_stack.c:433:6:UDP_Packet_Analyze	40	static
tcp_udp_stack.c:466:9:TCP_UDP_GetNtpTime	32	static
tcp_udp_stack.c:538:6:TCP_UDP_Stack_Init	24	static
tcp_udp_stack.c:583:6:TCP_UDP_Stack_Release	8	static
tcp_udp_stack.c:592:6:TCP_Timer_Callback	32	static
tcp_udp_stack.c:656:6:TCP_Request	8	static
tcp_udp_stack.c:661:6:Is_TCP_LTSHanshake_Connected	4	static
tcp_udp_stack.c:664:6:CheckMD5	32	static
tcp_udp_stack.c:683:6:ConvertTextWithSalt	32	static
tcp_udp_stack.c:715:6:CheckSaltACK	24	static
