stm32f4xx_ll_gpio.h:853:26:LL_GPIO_IsOutputPinSet	16	static
vs1063a.c:23:16:VS1063_SPI_ReadByte	16	static
vs1063a.c:37:13:VS1063_SPI_WriteByte	24	static
vs1063a.c:47:13:VS1063_SPI_WriteArray	24	static
vs1063a.c:59:5:waitMp3DREQ	16	static
vs1063a.c:77:6:VS1063_WriteReg	16	static
vs1063a.c:92:10:VS1063_ReadReg	24	static
vs1063a.c:112:5:readDREQ	16	static
vs1063a.c:120:10:VS1063A_ReadRAM	16	static
vs1063a.c:126:6:VS1063A_WriteRAM	16	static
vs1063a.c:132:6:VS1063A_TestReadWriteRAM	16	static
vs1063a.c:175:6:VS1063_ResetDecodeTime	8	static
vs1063a.c:181:10:VS1063_GetDecodeTime	8	static
vs1063a.c:187:6:VS1063_SoftReset	16	static
vs1063a.c:225:6:VS1063_SetVol	16	static
vs1063a.c:393:6:VS1063_Init	16	static
vs1063a.c:460:6:VS1063_PlayMP3	16	static
vs1063a.c:473:6:VS1063_PlayMp3Frame	24	static
vs1063a.c:606:6:VS1063_ConfigOutput	16	static
vs1063a.c:662:6:VS1063_PlayMP3_Task	8	static
vs1063a.c:13256:6:VS1063_PlayBuff	16	static
vs1063a.c:13303:6:VS1063_PrintBuff	16	static
