vs1063a.c:13:16:VS1063_SPI_ReadByte	16	static
vs1063a.c:27:13:VS1063_SPI_WriteByte	24	static
vs1063a.c:37:13:VS1063_SPI_WriteArray	24	static
vs1063a.c:49:5:waitMp3DREQ	16	static
vs1063a.c:65:6:VS1063_WriteReg	16	static
vs1063a.c:80:10:VS1063_ReadReg	24	static
vs1063a.c:100:6:VS1063_ResetDecodeTime	8	static
vs1063a.c:106:10:VS1063_GetDecodeTime	8	static
vs1063a.c:112:6:VS1063_SoftReset	16	static
vs1063a.c:135:6:VS1063_SetVol	16	static
vs1063a.c:303:6:VS1063_Init	16	static
vs1063a.c:354:6:VS1063_PlayBeep	16	static
vs1063a.c:368:6:VS1063_PlayMP3	16	static
vs1063a.c:377:6:VS1063_PlayMp3Frame	16	static
vs1063a.c:436:6:VS1063_PlayMP3_Task	8	static
