Archive member included to satisfy reference by file (symbol)

c:/st/stm32cubeide_1.7.0/stm32cubeide/plugins/com.st.stm32cube.ide.mcu.externaltools.gnu-tools-for-stm32.9-2020-q2-update.win32_2.0.0.202105311346/tools/bin/../lib/gcc/arm-none-eabi/9.3.1/../../../../arm-none-eabi/lib/thumb/v7e-m+fp/hard\libc_nano.a(lib_a-atoi.o)
                              ./Middlewares/Third_Party/LwIP/src/api/netdb.o (atoi)
c:/st/stm32cubeide_1.7.0/stm32cubeide/plugins/com.st.stm32cube.ide.mcu.externaltools.gnu-tools-for-stm32.9-2020-q2-update.win32_2.0.0.202105311346/tools/bin/../lib/gcc/arm-none-eabi/9.3.1/../../../../arm-none-eabi/lib/thumb/v7e-m+fp/hard\libc_nano.a(lib_a-calloc.o)
                              ./Drivers/Src/md5.o (calloc)
c:/st/stm32cubeide_1.7.0/stm32cubeide/plugins/com.st.stm32cube.ide.mcu.externaltools.gnu-tools-for-stm32.9-2020-q2-update.win32_2.0.0.202105311346/tools/bin/../lib/gcc/arm-none-eabi/9.3.1/../../../../arm-none-eabi/lib/thumb/v7e-m+fp/hard\libc_nano.a(lib_a-ctype_.o)
                              ./Middlewares/Third_Party/LwIP/src/core/dns.o (_ctype_)
c:/st/stm32cubeide_1.7.0/stm32cubeide/plugins/com.st.stm32cube.ide.mcu.externaltools.gnu-tools-for-stm32.9-2020-q2-update.win32_2.0.0.202105311346/tools/bin/../lib/gcc/arm-none-eabi/9.3.1/../../../../arm-none-eabi/lib/thumb/v7e-m+fp/hard\libc_nano.a(lib_a-exit.o)
                              c:/st/stm32cubeide_1.7.0/stm32cubeide/plugins/com.st.stm32cube.ide.mcu.externaltools.gnu-tools-for-stm32.9-2020-q2-update.win32_2.0.0.202105311346/tools/bin/../lib/gcc/arm-none-eabi/9.3.1/../../../../arm-none-eabi/lib/thumb/v7e-m+fp/hard/crt0.o (exit)
c:/st/stm32cubeide_1.7.0/stm32cubeide/plugins/com.st.stm32cube.ide.mcu.externaltools.gnu-tools-for-stm32.9-2020-q2-update.win32_2.0.0.202105311346/tools/bin/../lib/gcc/arm-none-eabi/9.3.1/../../../../arm-none-eabi/lib/thumb/v7e-m+fp/hard\libc_nano.a(lib_a-findfp.o)
                              ./Middlewares/Third_Party/FreeRTOS/Source/tasks.o (__sf_fake_stderr)
c:/st/stm32cubeide_1.7.0/stm32cubeide/plugins/com.st.stm32cube.ide.mcu.externaltools.gnu-tools-for-stm32.9-2020-q2-update.win32_2.0.0.202105311346/tools/bin/../lib/gcc/arm-none-eabi/9.3.1/../../../../arm-none-eabi/lib/thumb/v7e-m+fp/hard\libc_nano.a(lib_a-fwalk.o)
                              c:/st/stm32cubeide_1.7.0/stm32cubeide/plugins/com.st.stm32cube.ide.mcu.externaltools.gnu-tools-for-stm32.9-2020-q2-update.win32_2.0.0.202105311346/tools/bin/../lib/gcc/arm-none-eabi/9.3.1/../../../../arm-none-eabi/lib/thumb/v7e-m+fp/hard\libc_nano.a(lib_a-findfp.o) (_fwalk)
c:/st/stm32cubeide_1.7.0/stm32cubeide/plugins/com.st.stm32cube.ide.mcu.externaltools.gnu-tools-for-stm32.9-2020-q2-update.win32_2.0.0.202105311346/tools/bin/../lib/gcc/arm-none-eabi/9.3.1/../../../../arm-none-eabi/lib/thumb/v7e-m+fp/hard\libc_nano.a(lib_a-impure.o)
                              c:/st/stm32cubeide_1.7.0/stm32cubeide/plugins/com.st.stm32cube.ide.mcu.externaltools.gnu-tools-for-stm32.9-2020-q2-update.win32_2.0.0.202105311346/tools/bin/../lib/gcc/arm-none-eabi/9.3.1/../../../../arm-none-eabi/lib/thumb/v7e-m+fp/hard\libc_nano.a(lib_a-exit.o) (_global_impure_ptr)
c:/st/stm32cubeide_1.7.0/stm32cubeide/plugins/com.st.stm32cube.ide.mcu.externaltools.gnu-tools-for-stm32.9-2020-q2-update.win32_2.0.0.202105311346/tools/bin/../lib/gcc/arm-none-eabi/9.3.1/../../../../arm-none-eabi/lib/thumb/v7e-m+fp/hard\libc_nano.a(lib_a-init.o)
                              c:/st/stm32cubeide_1.7.0/stm32cubeide/plugins/com.st.stm32cube.ide.mcu.externaltools.gnu-tools-for-stm32.9-2020-q2-update.win32_2.0.0.202105311346/tools/bin/../lib/gcc/arm-none-eabi/9.3.1/../../../../arm-none-eabi/lib/thumb/v7e-m+fp/hard/crt0.o (__libc_init_array)
c:/st/stm32cubeide_1.7.0/stm32cubeide/plugins/com.st.stm32cube.ide.mcu.externaltools.gnu-tools-for-stm32.9-2020-q2-update.win32_2.0.0.202105311346/tools/bin/../lib/gcc/arm-none-eabi/9.3.1/../../../../arm-none-eabi/lib/thumb/v7e-m+fp/hard\libc_nano.a(lib_a-lock.o)
                              c:/st/stm32cubeide_1.7.0/stm32cubeide/plugins/com.st.stm32cube.ide.mcu.externaltools.gnu-tools-for-stm32.9-2020-q2-update.win32_2.0.0.202105311346/tools/bin/../lib/gcc/arm-none-eabi/9.3.1/../../../../arm-none-eabi/lib/thumb/v7e-m+fp/hard\libc_nano.a(lib_a-findfp.o) (__retarget_lock_init_recursive)
c:/st/stm32cubeide_1.7.0/stm32cubeide/plugins/com.st.stm32cube.ide.mcu.externaltools.gnu-tools-for-stm32.9-2020-q2-update.win32_2.0.0.202105311346/tools/bin/../lib/gcc/arm-none-eabi/9.3.1/../../../../arm-none-eabi/lib/thumb/v7e-m+fp/hard\libc_nano.a(lib_a-malloc.o)
                              ./Drivers/Src/mp3Frame.o (malloc)
c:/st/stm32cubeide_1.7.0/stm32cubeide/plugins/com.st.stm32cube.ide.mcu.externaltools.gnu-tools-for-stm32.9-2020-q2-update.win32_2.0.0.202105311346/tools/bin/../lib/gcc/arm-none-eabi/9.3.1/../../../../arm-none-eabi/lib/thumb/v7e-m+fp/hard\libc_nano.a(lib_a-memcmp.o)
                              ./Middlewares/Third_Party/LwIP/src/netif/bridgeif_fdb.o (memcmp)
[...]
Memory Configuration

Name             Origin             Length             Attributes
CCMRAM           0x0000000010000000 0x0000000000010000 xrw
RAM              0x0000000020000000 0x0000000000020000 xrw
FLASH            0x0000000008000000 0x0000000000080000 xr
*default*        0x0000000000000000 0xffffffffffffffff

Linker script and memory map

LOAD c:/st/stm32cubeide_1.7.0/stm32cubeide/plugins/com.st.stm32cube.ide.mcu.externaltools.gnu-tools-for-stm32.9-2020-q2-update.win32_2.0.0.202105311346/tools/bin/../lib/gcc/arm-none-eabi/9.3.1/thumb/v7e-m+fp/hard/crti.o
LOAD c:/st/stm32cubeide_1.7.0/stm32cubeide/plugins/com.st.stm32cube.ide.mcu.externaltools.gnu-tools-for-stm32.9-2020-q2-update.win32_2.0.0.202105311346/tools/bin/../lib/gcc/arm-none-eabi/9.3.1/thumb/v7e-m+fp/hard/crtbegin.o
LOAD c:/st/stm32cubeide_1.7.0/stm32cubeide/plugins/com.st.stm32cube.ide.mcu.externaltools.gnu-tools-for-stm32.9-2020-q2-update.win32_2.0.0.202105311346/tools/bin/../lib/gcc/arm-none-eabi/9.3.1/../../../../arm-none-eabi/lib/thumb/v7e-m+fp/hard/crt0.o
LOAD ./Core/Src/freertos.o
LOAD ./Core/Src/main.o
LOAD ./Core/Src/stm32f4xx_hal_msp.o
LOAD ./Core/Src/stm32f4xx_hal_timebase_tim.o
LOAD ./Core/Src/stm32f4xx_it.o
LOAD ./Core/Src/syscalls.o
LOAD ./Core/Src/sysmem.o
LOAD ./Core/Src/system_stm32f4xx.o
LOAD ./Core/Startup/startup_stm32f407vetx.o
LOAD ./Drivers/STM32F4xx_HAL_Driver/Src/stm32f4xx_hal.o
LOAD ./Drivers/STM32F4xx_HAL_Driver/Src/stm32f4xx_hal_cortex.o
LOAD ./Drivers/STM32F4xx_HAL_Driver/Src/stm32f4xx_hal_dma.o
LOAD ./Drivers/STM32F4xx_HAL_Driver/Src/stm32f4xx_hal_dma_ex.o
LOAD ./Drivers/STM32F4xx_HAL_Driver/Src/stm32f4xx_hal_eth.o
LOAD ./Drivers/STM32F4xx_HAL_Driver/Src/stm32f4xx_hal_exti.o
LOAD ./Drivers/STM32F4xx_HAL_Driver/Src/stm32f4xx_hal_flash.o
LOAD ./Drivers/STM32F4xx_HAL_Driver/Src/stm32f4xx_hal_flash_ex.o
LOAD ./Drivers/STM32F4xx_HAL_Driver/Src/stm32f4xx_hal_flash_ramfunc.o
LOAD ./Drivers/STM32F4xx_HAL_Driver/Src/stm32f4xx_hal_gpio.o
LOAD ./Drivers/STM32F4xx_HAL_Driver/Src/stm32f4xx_hal_pwr.o
LOAD ./Drivers/STM32F4xx_HAL_Driver/Src/stm32f4xx_hal_pwr_ex.o
LOAD ./Drivers/STM32F4xx_HAL_Driver/Src/stm32f4xx_hal_rcc.o
LOAD ./Drivers/STM32F4xx_HAL_Driver/Src/stm32f4xx_hal_rcc_ex.o
LOAD ./Drivers/STM32F4xx_HAL_Driver/Src/stm32f4xx_hal_spi.o
LOAD ./Drivers/STM32F4xx_HAL_Driver/Src/stm32f4xx_hal_tim.o
LOAD ./Drivers/STM32F4xx_HAL_Driver/Src/stm32f4xx_hal_tim_ex.o
LOAD ./Drivers/STM32F4xx_HAL_Driver/Src/stm32f4xx_ll_dma.o
LOAD ./Drivers/STM32F4xx_HAL_Driver/Src/stm32f4xx_ll_exti.o
LOAD ./Drivers/STM32F4xx_HAL_Driver/Src/stm32f4xx_ll_gpio.o
LOAD ./Drivers/STM32F4xx_HAL_Driver/Src/stm32f4xx_ll_rcc.o
LOAD ./Drivers/STM32F4xx_HAL_Driver/Src/stm32f4xx_ll_usart.o
LOAD ./Drivers/STM32F4xx_HAL_Driver/Src/stm32f4xx_ll_utils.o
LOAD ./Drivers/Src/AES_128.o
LOAD ./Drivers/Src/bignum.o
LOAD ./Drivers/Src/debugAPI.o
LOAD ./Drivers/Src/ethLAN.o
LOAD ./Drivers/Src/flash.o
LOAD ./Drivers/Src/md5.o
LOAD ./Drivers/Src/mp3Frame.o
LOAD ./Drivers/Src/rsa.o
LOAD ./Drivers/Src/sim7600_uart_dma.o
LOAD ./Drivers/Src/tcp_udp_stack.o
LOAD ./LWIP/App/lwip.o
LOAD ./LWIP/Target/ethernetif.o
LOAD ./Middlewares/Third_Party/FreeRTOS/Source/CMSIS_RTOS_V2/cmsis_os2.o
LOAD ./Middlewares/Third_Party/FreeRTOS/Source/croutine.o
LOAD ./Middlewares/Third_Party/FreeRTOS/Source/event_groups.o
LOAD ./Middlewares/Third_Party/FreeRTOS/Source/list.o
LOAD ./Middlewares/Third_Party/FreeRTOS/Source/queue.o
LOAD ./Middlewares/Third_Party/FreeRTOS/Source/stream_buffer.o
LOAD ./Middlewares/Third_Party/FreeRTOS/Source/tasks.o
LOAD ./Middlewares/Third_Party/FreeRTOS/Source/timers.o
LOAD ./Middlewares/Third_Party/FreeRTOS/Source/portable/GCC/ARM_CM4F/port.o
LOAD ./Middlewares/Third_Party/FreeRTOS/Source/portable/MemMang/heap_4.o
LOAD ./Middlewares/Third_Party/LwIP/src/api/api_lib.o
LOAD ./Middlewares/Third_Party/LwIP/src/api/api_msg.o
LOAD ./Middlewares/Third_Party/LwIP/src/api/err.o
LOAD ./Middlewares/Third_Party/LwIP/src/api/if_api.o
LOAD ./Middlewares/Third_Party/LwIP/src/api/netbuf.o
LOAD ./Middlewares/Third_Party/LwIP/src/api/netdb.o
LOAD ./Middlewares/Third_Party/LwIP/src/api/netifapi.o
LOAD ./Middlewares/Third_Party/LwIP/src/api/sockets.o
LOAD ./Middlewares/Third_Party/LwIP/src/api/tcpip.o
LOAD ./Middlewares/Third_Party/LwIP/src/apps/mqtt/mqtt.o
LOAD ./Middlewares/Third_Party/LwIP/src/core/altcp.o
LOAD ./Middlewares/Third_Party/LwIP/src/core/altcp_alloc.o
LOAD ./Middlewares/Third_Party/LwIP/src/core/altcp_tcp.o
LOAD ./Middlewares/Third_Party/LwIP/src/core/def.o
LOAD ./Middlewares/Third_Party/LwIP/src/core/dns.o
LOAD ./Middlewares/Third_Party/LwIP/src/core/inet_chksum.o
LOAD ./Middlewares/Third_Party/LwIP/src/core/init.o
LOAD ./Middlewares/Third_Party/LwIP/src/core/ip.o
LOAD ./Middlewares/Third_Party/LwIP/src/core/mem.o
LOAD ./Middlewares/Third_Party/LwIP/src/core/memp.o
LOAD ./Middlewares/Third_Party/LwIP/src/core/netif.o
LOAD ./Middlewares/Third_Party/LwIP/src/core/pbuf.o
LOAD ./Middlewares/Third_Party/LwIP/src/core/raw.o
LOAD ./Middlewares/Third_Party/LwIP/src/core/stats.o
LOAD ./Middlewares/Third_Party/LwIP/src/core/sys.o
LOAD ./Middlewares/Third_Party/LwIP/src/core/tcp.o
LOAD ./Middlewares/Third_Party/LwIP/src/core/tcp_in.o
LOAD ./Middlewares/Third_Party/LwIP/src/core/tcp_out.o
LOAD ./Middlewares/Third_Party/LwIP/src/core/timeouts.o
LOAD ./Middlewares/Third_Party/LwIP/src/core/udp.o
LOAD ./Middlewares/Third_Party/LwIP/src/core/ipv4/autoip.o
LOAD ./Middlewares/Third_Party/LwIP/src/core/ipv4/dhcp.o
LOAD ./Middlewares/Third_Party/LwIP/src/core/ipv4/etharp.o
LOAD ./Middlewares/Third_Party/LwIP/src/core/ipv4/icmp.o
LOAD ./Middlewares/Third_Party/LwIP/src/core/ipv4/igmp.o
LOAD ./Middlewares/Third_Party/LwIP/src/core/ipv4/ip4.o
LOAD ./Middlewares/Third_Party/LwIP/src/core/ipv4/ip4_addr.o
LOAD ./Middlewares/Third_Party/LwIP/src/core/ipv4/ip4_frag.o
LOAD ./Middlewares/Third_Party/LwIP/src/core/ipv6/dhcp6.o
LOAD ./Middlewares/Third_Party/LwIP/src/core/ipv6/ethip6.o
LOAD ./Middlewares/Third_Party/LwIP/src/core/ipv6/icmp6.o
LOAD ./Middlewares/Third_Party/LwIP/src/core/ipv6/inet6.o
LOAD ./Middlewares/Third_Party/LwIP/src/core/ipv6/ip6.o
LOAD ./Middlewares/Third_Party/LwIP/src/core/ipv6/ip6_addr.o
LOAD ./Middlewares/Third_Party/LwIP/src/core/ipv6/ip6_frag.o
LOAD ./Middlewares/Third_Party/LwIP/src/core/ipv6/mld6.o
LOAD ./Middlewares/Third_Party/LwIP/src/core/ipv6/nd6.o
LOAD ./Middlewares/Third_Party/LwIP/src/netif/bridgeif.o
LOAD ./Middlewares/Third_Party/LwIP/src/netif/bridgeif_fdb.o
LOAD ./Middlewares/Third_Party/LwIP/src/netif/ethernet.o
LOAD ./Middlewares/Third_Party/LwIP/src/netif/lowpan6.o
LOAD ./Middlewares/Third_Party/LwIP/src/netif/lowpan6_ble.o
LOAD ./Middlewares/Third_Party/LwIP/src/netif/lowpan6_common.o
LOAD ./Middlewares/Third_Party/LwIP/src/netif/slipif.o
LOAD ./Middlewares/Third_Party/LwIP/src/netif/zepif.o
LOAD ./Middlewares/Third_Party/LwIP/src/netif/ppp/auth.o
LOAD ./Middlewares/Third_Party/LwIP/src/netif/ppp/ccp.o
LOAD ./Middlewares/Third_Party/LwIP/src/netif/ppp/chap-md5.o
LOAD ./Middlewares/Third_Party/LwIP/src/netif/ppp/chap-new.o
LOAD ./Middlewares/Third_Party/LwIP/src/netif/ppp/chap_ms.o
LOAD ./Middlewares/Third_Party/LwIP/src/netif/ppp/demand.o
LOAD ./Middlewares/Third_Party/LwIP/src/netif/ppp/eap.o
LOAD ./Middlewares/Third_Party/LwIP/src/netif/ppp/ecp.o
LOAD ./Middlewares/Third_Party/LwIP/src/netif/ppp/eui64.o
LOAD ./Middlewares/Third_Party/LwIP/src/netif/ppp/fsm.o
LOAD ./Middlewares/Third_Party/LwIP/src/netif/ppp/ipcp.o
LOAD ./Middlewares/Third_Party/LwIP/src/netif/ppp/ipv6cp.o
LOAD ./Middlewares/Third_Party/LwIP/src/netif/ppp/lcp.o
LOAD ./Middlewares/Third_Party/LwIP/src/netif/ppp/magic.o
LOAD ./Middlewares/Third_Party/LwIP/src/netif/ppp/mppe.o
LOAD ./Middlewares/Third_Party/LwIP/src/netif/ppp/multilink.o
LOAD ./Middlewares/Third_Party/LwIP/src/netif/ppp/ppp.o
LOAD ./Middlewares/Third_Party/LwIP/src/netif/ppp/pppapi.o
LOAD ./Middlewares/Third_Party/LwIP/src/netif/ppp/pppcrypt.o
LOAD ./Middlewares/Third_Party/LwIP/src/netif/ppp/pppoe.o
LOAD ./Middlewares/Third_Party/LwIP/src/netif/ppp/pppol2tp.o
LOAD ./Middlewares/Third_Party/LwIP/src/netif/ppp/pppos.o
LOAD ./Middlewares/Third_Party/LwIP/src/netif/ppp/upap.o
LOAD ./Middlewares/Third_Party/LwIP/src/netif/ppp/utils.o
LOAD ./Middlewares/Third_Party/LwIP/src/netif/ppp/vj.o
LOAD ./Middlewares/Third_Party/LwIP/system/OS/sys_arch.o
START GROUP
LOAD c:/st/stm32cubeide_1.7.0/stm32cubeide/plugins/com.st.stm32cube.ide.mcu.externaltools.gnu-tools-for-stm32.9-2020-q2-update.win32_2.0.0.202105311346/tools/bin/../lib/gcc/arm-none-eabi/9.3.1/../../../../arm-none-eabi/lib/thumb/v7e-m+fp/hard\libc_nano.a
LOAD c:/st/stm32cubeide_1.7.0/stm32cubeide/plugins/com.st.stm32cube.ide.mcu.externaltools.gnu-tools-for-stm32.9-2020-q2-update.win32_2.0.0.202105311346/tools/bin/../lib/gcc/arm-none-eabi/9.3.1/../../../../arm-none-eabi/lib/thumb/v7e-m+fp/hard\libm.a
END GROUP
START GROUP
LOAD c:/st/stm32cubeide_1.7.0/stm32cubeide/plugins/com.st.stm32cube.ide.mcu.externaltools.gnu-tools-for-stm32.9-2020-q2-update.win32_2.0.0.202105311346/tools/bin/../lib/gcc/arm-none-eabi/9.3.1/thumb/v7e-m+fp/hard\libgcc.a
LOAD c:/st/stm32cubeide_1.7.0/stm32cubeide/plugins/com.st.stm32cube.ide.mcu.externaltools.gnu-tools-for-stm32.9-2020-q2-update.win32_2.0.0.202105311346/tools/bin/../lib/gcc/arm-none-eabi/9.3.1/../../../../arm-none-eabi/lib/thumb/v7e-m+fp/hard\libc_nano.a
END GROUP
START GROUP
LOAD c:/st/stm32cubeide_1.7.0/stm32cubeide/plugins/com.st.stm32cube.ide.mcu.externaltools.gnu-tools-for-stm32.9-2020-q2-update.win32_2.0.0.202105311346/tools/bin/../lib/gcc/arm-none-eabi/9.3.1/thumb/v7e-m+fp/hard\libgcc.a
LOAD c:/st/stm32cubeide_1.7.0/stm32cubeide/plugins/com.st.stm32cube.ide.mcu.externaltools.gnu-tools-for-stm32.9-2020-q2-update.win32_2.0.0.202105311346/tools/bin/../lib/gcc/arm-none-eabi/9.3.1/../../../../arm-none-eabi/lib/thumb/v7e-m+fp/hard\libc_nano.a
LOAD c:/st/stm32cubeide_1.7.0/stm32cubeide/plugins/com.st.stm32cube.ide.mcu.externaltools.gnu-tools-for-stm32.9-2020-q2-update.win32_2.0.0.202105311346/tools/bin/../lib/gcc/arm-none-eabi/9.3.1/../../../../arm-none-eabi/lib/thumb/v7e-m+fp/hard\libnosys.a
END GROUP
START GROUP
LOAD c:/st/stm32cubeide_1.7.0/stm32cubeide/plugins/com.st.stm32cube.ide.mcu.externaltools.gnu-tools-for-stm32.9-2020-q2-update.win32_2.0.0.202105311346/tools/bin/../lib/gcc/arm-none-eabi/9.3.1/thumb/v7e-m+fp/hard\libgcc.a
LOAD c:/st/stm32cubeide_1.7.0/stm32cubeide/plugins/com.st.stm32cube.ide.mcu.externaltools.gnu-tools-for-stm32.9-2020-q2-update.win32_2.0.0.202105311346/tools/bin/../lib/gcc/arm-none-eabi/9.3.1/../../../../arm-none-eabi/lib/thumb/v7e-m+fp/hard\libc_nano.a
LOAD c:/st/stm32cubeide_1.7.0/stm32cubeide/plugins/com.st.stm32cube.ide.mcu.externaltools.gnu-tools-for-stm32.9-2020-q2-update.win32_2.0.0.202105311346/tools/bin/../lib/gcc/arm-none-eabi/9.3.1/../../../../arm-none-eabi/lib/thumb/v7e-m+fp/hard\libnosys.a
END GROUP
LOAD c:/st/stm32cubeide_1.7.0/stm32cubeide/plugins/com.st.stm32cube.ide.mcu.externaltools.gnu-tools-for-stm32.9-2020-q2-update.win32_2.0.0.202105311346/tools/bin/../lib/gcc/arm-none-eabi/9.3.1/thumb/v7e-m+fp/hard/crtend.o
LOAD c:/st/stm32cubeide_1.7.0/stm32cubeide/plugins/com.st.stm32cube.ide.mcu.externaltools.gnu-tools-for-stm32.9-2020-q2-update.win32_2.0.0.202105311346/tools/bin/../lib/gcc/arm-none-eabi/9.3.1/thumb/v7e-m+fp/hard/crtn.o
                0x0000000020020000                _estack = (ORIGIN (RAM) + LENGTH (RAM))
                0x0000000000000200                _Min_Heap_Size = 0x200
                0x0000000000000400                _Min_Stack_Size = 0x400

.isr_vector     0x0000000008000000      0x188
                0x0000000008000000                . = ALIGN (0x4)
 *(.isr_vector)
 .isr_vector    0x0000000008000000      0x188 ./Core/Startup/startup_stm32f407vetx.o
                0x0000000008000000                g_pfnVectors
                0x0000000008000188                . = ALIGN (0x4)

.text           0x0000000008000190    0x20994
                0x0000000008000190                . = ALIGN (0x4)
 *(.text)
 .text          0x0000000008000190       0x40 c:/st/stm32cubeide_1.7.0/stm32cubeide/plugins/com.st.stm32cube.ide.mcu.externaltools.gnu-tools-for-stm32.9-2020-q2-update.win32_2.0.0.202105311346/tools/bin/../lib/gcc/arm-none-eabi/9.3.1/thumb/v7e-m+fp/hard/crtbegin.o
 .text          0x00000000080001d0       0x10 c:/st/stm32cubeide_1.7.0/stm32cubeide/plugins/com.st.stm32cube.ide.mcu.externaltools.gnu-tools-for-stm32.9-2020-q2-update.win32_2.0.0.202105311346/tools/bin/../lib/gcc/arm-none-eabi/9.3.1/../../../../arm-none-eabi/lib/thumb/v7e-m+fp/hard\libc_nano.a(lib_a-strlen.o)
                0x00000000080001d0                strlen
 .text          0x00000000080001e0       0xa0 c:/st/stm32cubeide_1.7.0/stm32cubeide/plugins/com.st.stm32cube.ide.mcu.externaltools.gnu-tools-for-stm32.9-2020-q2-update.win32_2.0.0.202105311346/tools/bin/../lib/gcc/arm-none-eabi/9.3.1/../../../../arm-none-eabi/lib/thumb/v7e-m+fp/hard\libc_nano.a(lib_a-memchr.o)
                0x00000000080001e0                memchr
 .text          0x0000000008000280       0x30 c:/st/stm32cubeide_1.7.0/stm32cubeide/plugins/com.st.stm32cube.ide.mcu.externaltools.gnu-tools-for-stm32.9-2020-q2-update.win32_2.0.0.202105311346/tools/bin/../lib/gcc/arm-none-eabi/9.3.1/thumb/v7e-m+fp/hard\libgcc.a(_aeabi_uldivmod.o)
                0x0000000008000280                __aeabi_uldivmod
 .text          0x00000000080002b0      0x2c4 c:/st/stm32cubeide_1.7.0/stm32cubeide/plugins/com.st.stm32cube.ide.mcu.externaltools.gnu-tools-for-stm32.9-2020-q2-update.win32_2.0.0.202105311346/tools/bin/../lib/gcc/arm-none-eabi/9.3.1/thumb/v7e-m+fp/hard\libgcc.a(_udivmoddi4.o)
                0x00000000080002b0                __udivmoddi4
 .text          0x0000000008000574        0x4 c:/st/stm32cubeide_1.7.0/stm32cubeide/plugins/com.st.stm32cube.ide.mcu.externaltools.gnu-tools-for-stm32.9-2020-q2-update.win32_2.0.0.202105311346/tools/bin/../lib/gcc/arm-none-eabi/9.3.1/thumb/v7e-m+fp/hard\libgcc.a(_dvmd_tls.o)
                0x0000000008000574                __aeabi_idiv0
                0x0000000008000574                __aeabi_ldiv0
 *(.text*)
 .text.__NVIC_GetPriorityGrouping
                0x0000000008000578       0x1c ./Core/Src/main.o
 .text.__NVIC_EnableIRQ
                0x0000000008000594       0x3c ./Core/Src/main.o
 .text.__NVIC_SetPriority
                0x00000000080005d0       0x54 ./Core/Src/main.o
 .text.NVIC_EncodePriority
                0x0000000008000624       0x66 ./Core/Src/main.o
 .text.ITM_SendChar
                0x000000000800068a       0x4e ./Core/Src/main.o
 .text.LL_DMA_SetDataTransferDirection
                0x00000000080006d8       0x48 ./Core/Src/main.o
 .text.LL_DMA_SetMode
                0x0000000008000720       0x48 ./Core/Src/main.o
 .text.LL_DMA_SetPeriphIncMode
                0x0000000008000768       0x48 ./Core/Src/main.o
 .text.LL_DMA_SetMemoryIncMode
                0x00000000080007b0       0x48 ./Core/Src/main.o
 .text.LL_DMA_SetPeriphSize
                0x00000000080007f8       0x48 ./Core/Src/main.o
 .text.LL_DMA_SetMemorySize
                0x0000000008000840       0x48 ./Core/Src/main.o
 .text.LL_DMA_SetStreamPriorityLevel
                0x0000000008000888       0x48 ./Core/Src/main.o
 .text.LL_DMA_SetChannelSelection
                0x00000000080008d0       0x48 ./Core/Src/main.o
 .text.LL_DMA_DisableFifoMode
                0x0000000008000918       0x40 ./Core/Src/main.o
 .text.LL_RCC_HSE_Enable
                0x0000000008000958       0x20 ./Core/Src/main.o
 .text.LL_RCC_HSE_IsReady
                0x0000000008000978       0x28 ./Core/Src/main.o
 .text.LL_RCC_SetSysClkSource
                0x00000000080009a0       0x28 ./Core/Src/main.o
 .text.LL_RCC_GetSysClkSource
                0x00000000080009c8       0x1c ./Core/Src/main.o
 .text.LL_RCC_SetAHBPrescaler
                0x00000000080009e4       0x28 ./Core/Src/main.o
 .text.LL_RCC_SetAPB1Prescaler
                0x0000000008000a0c       0x28 ./Core/Src/main.o
 .text.LL_RCC_SetAPB2Prescaler
                0x0000000008000a34       0x28 ./Core/Src/main.o
 .text.LL_RCC_PLL_Enable
                0x0000000008000a5c       0x20 ./Core/Src/main.o
 .text.LL_RCC_PLL_IsReady
                0x0000000008000a7c       0x28 ./Core/Src/main.o
 .text.LL_RCC_PLL_ConfigDomain_SYS
                0x0000000008000aa4       0x4c ./Core/Src/main.o
 .text.LL_AHB1_GRP1_EnableClock
                0x0000000008000af0       0x30 ./Core/Src/main.o
 .text.LL_APB2_GRP1_EnableClock
                0x0000000008000b20       0x30 ./Core/Src/main.o
 .text.LL_FLASH_SetLatency
                0x0000000008000b50       0x28 ./Core/Src/main.o
 .text.LL_FLASH_GetLatency
                0x0000000008000b78       0x1c ./Core/Src/main.o
 .text.LL_PWR_SetRegulVoltageScaling
                0x0000000008000b94       0x28 ./Core/Src/main.o
 .text.LL_USART_Enable
                0x0000000008000bbc       0x20 ./Core/Src/main.o
 .text.LL_USART_ConfigAsyncMode
                0x0000000008000bdc       0x2c ./Core/Src/main.o
 .text.LL_GPIO_ReadInputPort
                0x0000000008000c08       0x18 ./Core/Src/main.o
 .text.LL_GPIO_SetOutputPin
                0x0000000008000c20       0x1c ./Core/Src/main.o
 .text.SimStt_Timer_Callback
                0x0000000008000c3c       0x4c ./Core/Src/main.o
                0x0000000008000c3c                SimStt_Timer_Callback
 .text._write   0x0000000008000c88       0x38 ./Core/Src/main.o
                0x0000000008000c88                _write
 .text.configureTimerForRunTimeStats
                0x0000000008000cc0       0x1c ./Core/Src/main.o
                0x0000000008000cc0                configureTimerForRunTimeStats
 .text.getRunTimeCounterValue
                0x0000000008000cdc       0x18 ./Core/Src/main.o
                0x0000000008000cdc                getRunTimeCounterValue
 .text.main     0x0000000008000cf4      0x13c ./Core/Src/main.o
                0x0000000008000cf4                main
 .text.SystemClock_Config
                0x0000000008000e30       0x94 ./Core/Src/main.o
                0x0000000008000e30                SystemClock_Config
 .text.MX_SPI3_Init
                0x0000000008000ec4       0x6c ./Core/Src/main.o
 .text.MX_TIM2_Init
                0x0000000008000f30       0x9c ./Core/Src/main.o
 .text.MX_TIM8_Init
                0x0000000008000fcc       0xa0 ./Core/Src/main.o
 .text.MX_USART1_UART_Init
                0x000000000800106c      0x108 ./Core/Src/main.o
 .text.MX_DMA_Init
                0x0000000008001174       0x30 ./Core/Src/main.o
 .text.MX_GPIO_Init
                0x00000000080011a4       0xac ./Core/Src/main.o
 .text.StartConfigSimTask
                0x0000000008001250       0x24 ./Core/Src/main.o
                0x0000000008001250                StartConfigSimTask
 .text.StartConnectSimTask
                0x0000000008001274       0x14 ./Core/Src/main.o
                0x0000000008001274                StartConnectSimTask
 .text.StartSendSimTask
                0x0000000008001288       0x14 ./Core/Src/main.o
                0x0000000008001288                StartSendSimTask
 .text.StartRecvSimTask
                0x000000000800129c       0x14 ./Core/Src/main.o
                0x000000000800129c                StartRecvSimTask
 .text.StartConnectEthTask
                0x00000000080012b0       0x14 ./Core/Src/main.o
                0x00000000080012b0                StartConnectEthTask
 .text.StartSendEthTask
                0x00000000080012c4       0x14 ./Core/Src/main.o
                0x00000000080012c4                StartSendEthTask
 .text.StartRecvEthTask
                0x00000000080012d8       0x14 ./Core/Src/main.o
                0x00000000080012d8                StartRecvEthTask
 .text.StartDefaultTask
                0x00000000080012ec      0x190 ./Core/Src/main.o
                0x00000000080012ec                StartDefaultTask
 .text.CallbackTimerPeriodic
                0x000000000800147c       0x14 ./Core/Src/main.o
                0x000000000800147c                CallbackTimerPeriodic
 .text.CallbackTimerOnce
                0x0000000008001490       0x14 ./Core/Src/main.o
                0x0000000008001490                CallbackTimerOnce
 .text.HAL_TIM_PeriodElapsedCallback
                0x00000000080014a4       0x24 ./Core/Src/main.o
                0x00000000080014a4                HAL_TIM_PeriodElapsedCallback
 .text.Error_Handler
                0x00000000080014c8        0xa ./Core/Src/main.o
                0x00000000080014c8                Error_Handler
 *fill*         0x00000000080014d2        0x2 
 .text.HAL_MspInit
                0x00000000080014d4       0x58 ./Core/Src/stm32f4xx_hal_msp.o
                0x00000000080014d4                HAL_MspInit
 .text.HAL_SPI_MspInit
                0x000000000800152c       0x90 ./Core/Src/stm32f4xx_hal_msp.o
                0x000000000800152c                HAL_SPI_MspInit
 .text.HAL_TIM_Base_MspInit
                0x00000000080015bc       0x78 ./Core/Src/stm32f4xx_hal_msp.o
                0x00000000080015bc                HAL_TIM_Base_MspInit
 .text.HAL_InitTick
                0x0000000008001634       0xb4 ./Core/Src/stm32f4xx_hal_timebase_tim.o
                0x0000000008001634                HAL_InitTick
 .text.NMI_Handler
                0x00000000080016e8        0x6 ./Core/Src/stm32f4xx_it.o
                0x00000000080016e8                NMI_Handler
 .text.HardFault_Handler
                0x00000000080016ee        0x6 ./Core/Src/stm32f4xx_it.o
                0x00000000080016ee                HardFault_Handler
 .text.MemManage_Handler
                0x00000000080016f4        0x6 ./Core/Src/stm32f4xx_it.o
                0x00000000080016f4                MemManage_Handler
 .text.BusFault_Handler
                0x00000000080016fa        0x6 ./Core/Src/stm32f4xx_it.o
                0x00000000080016fa                BusFault_Handler
 .text.UsageFault_Handler
                0x0000000008001700        0x6 ./Core/Src/stm32f4xx_it.o
                0x0000000008001700                UsageFault_Handler
 .text.DebugMon_Handler
                0x0000000008001706        0xe ./Core/Src/stm32f4xx_it.o
                0x0000000008001706                DebugMon_Handler
 .text.TIM1_UP_TIM10_IRQHandler
                0x0000000008001714       0x14 ./Core/Src/stm32f4xx_it.o
                0x0000000008001714                TIM1_UP_TIM10_IRQHandler
 .text.TIM8_UP_TIM13_IRQHandler
                0x0000000008001728       0x20 ./Core/Src/stm32f4xx_it.o
                0x0000000008001728                TIM8_UP_TIM13_IRQHandler
 .text.DMA2_Stream2_IRQHandler
                0x0000000008001748        0xe ./Core/Src/stm32f4xx_it.o
                0x0000000008001748                DMA2_Stream2_IRQHandler
 *fill*         0x0000000008001756        0x2 
 .text.ETH_IRQHandler
                0x0000000008001758       0x14 ./Core/Src/stm32f4xx_it.o
                0x0000000008001758                ETH_IRQHandler
 .text._getpid  0x000000000800176c       0x10 ./Core/Src/syscalls.o
                0x000000000800176c                _getpid
 .text._kill    0x000000000800177c       0x24 ./Core/Src/syscalls.o
                0x000000000800177c                _kill
 .text._exit    0x00000000080017a0       0x14 ./Core/Src/syscalls.o
                0x00000000080017a0                _exit
 .text._read    0x00000000080017b4       0x3a ./Core/Src/syscalls.o
                0x00000000080017b4                _read
 .text._close   0x00000000080017ee       0x18 ./Core/Src/syscalls.o
                0x00000000080017ee                _close
 .text._fstat   0x0000000008001806       0x20 ./Core/Src/syscalls.o
                0x0000000008001806                _fstat
 .text._isatty  0x0000000008001826       0x16 ./Core/Src/syscalls.o
                0x0000000008001826                _isatty
 .text._lseek   0x000000000800183c       0x1a ./Core/Src/syscalls.o
                0x000000000800183c                _lseek
 *fill*         0x0000000008001856        0x2 
 .text._sbrk    0x0000000008001858       0x70 ./Core/Src/sysmem.o
                0x0000000008001858                _sbrk
 .text.SystemInit
                0x00000000080018c8       0x24 ./Core/Src/system_stm32f4xx.o
                0x00000000080018c8                SystemInit
 .text.Reset_Handler
                0x00000000080018ec       0x50 ./Core/Startup/startup_stm32f407vetx.o
                0x00000000080018ec                Reset_Handler
 .text.Default_Handler
                0x000000000800193c        0x2 ./Core/Startup/startup_stm32f407vetx.o
                0x000000000800193c                RTC_Alarm_IRQHandler
                0x000000000800193c                HASH_RNG_IRQHandler
                0x000000000800193c                EXTI2_IRQHandler
                0x000000000800193c                TIM8_CC_IRQHandler
                0x000000000800193c                TIM1_CC_IRQHandler
                0x000000000800193c                DMA2_Stream5_IRQHandler
                0x000000000800193c                DMA1_Stream5_IRQHandler
                0x000000000800193c                PVD_IRQHandler
                0x000000000800193c                SDIO_IRQHandler
                0x000000000800193c                TAMP_STAMP_IRQHandler
                0x000000000800193c                CAN2_RX1_IRQHandler
                0x000000000800193c                EXTI3_IRQHandler
                0x000000000800193c                TIM8_TRG_COM_TIM14_IRQHandler
                0x000000000800193c                I2C3_ER_IRQHandler
                0x000000000800193c                EXTI0_IRQHandler
                0x000000000800193c                I2C2_EV_IRQHandler
                0x000000000800193c                DMA1_Stream2_IRQHandler
                0x000000000800193c                CAN1_RX0_IRQHandler
                0x000000000800193c                FPU_IRQHandler
                0x000000000800193c                OTG_HS_WKUP_IRQHandler
                0x000000000800193c                CAN2_SCE_IRQHandler
                0x000000000800193c                SPI1_IRQHandler
                0x000000000800193c                TIM6_DAC_IRQHandler
                0x000000000800193c                TIM1_BRK_TIM9_IRQHandler
                0x000000000800193c                DCMI_IRQHandler
                0x000000000800193c                CAN2_RX0_IRQHandler
                0x000000000800193c                DMA2_Stream3_IRQHandler
                0x000000000800193c                USART6_IRQHandler
                0x000000000800193c                USART3_IRQHandler
                0x000000000800193c                CAN1_RX1_IRQHandler
                0x000000000800193c                UART5_IRQHandler
                0x000000000800193c                DMA2_Stream0_IRQHandler
                0x000000000800193c                TIM4_IRQHandler
                0x000000000800193c                I2C1_EV_IRQHandler
                0x000000000800193c                DMA1_Stream6_IRQHandler
                0x000000000800193c                DMA1_Stream1_IRQHandler
                0x000000000800193c                UART4_IRQHandler
                0x000000000800193c                TIM3_IRQHandler
                0x000000000800193c                RCC_IRQHandler
                0x000000000800193c                TIM8_BRK_TIM12_IRQHandler
                0x000000000800193c                Default_Handler
                0x000000000800193c                EXTI15_10_IRQHandler
                0x000000000800193c                ADC_IRQHandler
                0x000000000800193c                DMA1_Stream7_IRQHandler
                0x000000000800193c                TIM7_IRQHandler
                0x000000000800193c                CAN2_TX_IRQHandler
                0x000000000800193c                TIM5_IRQHandler
                0x000000000800193c                DMA2_Stream7_IRQHandler
                0x000000000800193c                I2C3_EV_IRQHandler
                0x000000000800193c                EXTI9_5_IRQHandler
                0x000000000800193c                RTC_WKUP_IRQHandler
                0x000000000800193c                ETH_WKUP_IRQHandler
                0x000000000800193c                SPI2_IRQHandler
                0x000000000800193c                OTG_HS_EP1_IN_IRQHandler
                0x000000000800193c                DMA1_Stream0_IRQHandler
                0x000000000800193c                CAN1_TX_IRQHandler
                0x000000000800193c                EXTI4_IRQHandler
                0x000000000800193c                FSMC_IRQHandler
                0x000000000800193c                OTG_HS_EP1_OUT_IRQHandler
                0x000000000800193c                WWDG_IRQHandler
                0x000000000800193c                TIM2_IRQHandler
                0x000000000800193c                OTG_FS_WKUP_IRQHandler
                0x000000000800193c                TIM1_TRG_COM_TIM11_IRQHandler
                0x000000000800193c                OTG_HS_IRQHandler
                0x000000000800193c                EXTI1_IRQHandler
                0x000000000800193c                USART2_IRQHandler
                0x000000000800193c                I2C2_ER_IRQHandler
                0x000000000800193c                DMA2_Stream1_IRQHandler
                0x000000000800193c                CAN1_SCE_IRQHandler
                0x000000000800193c                FLASH_IRQHandler
                0x000000000800193c                DMA2_Stream4_IRQHandler
                0x000000000800193c                USART1_IRQHandler
                0x000000000800193c                OTG_FS_IRQHandler
                0x000000000800193c                SPI3_IRQHandler
                0x000000000800193c                DMA1_Stream4_IRQHandler
                0x000000000800193c                I2C1_ER_IRQHandler
                0x000000000800193c                DMA2_Stream6_IRQHandler
                0x000000000800193c                DMA1_Stream3_IRQHandler
 *fill*         0x000000000800193e        0x2 
 .text.HAL_Init
                0x0000000008001940       0x44 ./Drivers/STM32F4xx_HAL_Driver/Src/stm32f4xx_hal.o
                0x0000000008001940                HAL_Init
 .text.HAL_IncTick
                0x0000000008001984       0x28 ./Drivers/STM32F4xx_HAL_Driver/Src/stm32f4xx_hal.o
                0x0000000008001984                HAL_IncTick
 .text.HAL_GetTick
                0x00000000080019ac       0x18 ./Drivers/STM32F4xx_HAL_Driver/Src/stm32f4xx_hal.o
                0x00000000080019ac                HAL_GetTick
 .text.HAL_Delay
                0x00000000080019c4       0x48 ./Drivers/STM32F4xx_HAL_Driver/Src/stm32f4xx_hal.o
                0x00000000080019c4                HAL_Delay
 .text.__NVIC_SetPriorityGrouping
                0x0000000008001a0c       0x48 ./Drivers/STM32F4xx_HAL_Driver/Src/stm32f4xx_hal_cortex.o
 .text.__NVIC_GetPriorityGrouping
                0x0000000008001a54       0x1c ./Drivers/STM32F4xx_HAL_Driver/Src/stm32f4xx_hal_cortex.o
 .text.__NVIC_EnableIRQ
                0x0000000008001a70       0x3c ./Drivers/STM32F4xx_HAL_Driver/Src/stm32f4xx_hal_cortex.o
 .text.__NVIC_SetPriority
                0x0000000008001aac       0x54 ./Drivers/STM32F4xx_HAL_Driver/Src/stm32f4xx_hal_cortex.o
 .text.NVIC_EncodePriority
                0x0000000008001b00       0x66 ./Drivers/STM32F4xx_HAL_Driver/Src/stm32f4xx_hal_cortex.o
 .text.HAL_NVIC_SetPriorityGrouping
                0x0000000008001b66       0x16 ./Drivers/STM32F4xx_HAL_Driver/Src/stm32f4xx_hal_cortex.o
                0x0000000008001b66                HAL_NVIC_SetPriorityGrouping
 .text.HAL_NVIC_SetPriority
                0x0000000008001b7c       0x38 ./Drivers/STM32F4xx_HAL_Driver/Src/stm32f4xx_hal_cortex.o
                0x0000000008001b7c                HAL_NVIC_SetPriority
 .text.HAL_NVIC_EnableIRQ
                0x0000000008001bb4       0x1c ./Drivers/STM32F4xx_HAL_Driver/Src/stm32f4xx_hal_cortex.o
                0x0000000008001bb4                HAL_NVIC_EnableIRQ
 .text.HAL_ETH_Init
                0x0000000008001bd0      0x338 ./Drivers/STM32F4xx_HAL_Driver/Src/stm32f4xx_hal_eth.o
                0x0000000008001bd0                HAL_ETH_Init
 .text.HAL_ETH_DMATxDescListInit
                0x0000000008001f08       0xd2 ./Drivers/STM32F4xx_HAL_Driver/Src/stm32f4xx_hal_eth.o
                0x0000000008001f08                HAL_ETH_DMATxDescListInit
 .text.HAL_ETH_DMARxDescListInit
                0x0000000008001fda       0xda ./Drivers/STM32F4xx_HAL_Driver/Src/stm32f4xx_hal_eth.o
                0x0000000008001fda                HAL_ETH_DMARxDescListInit
 .text.HAL_ETH_TransmitFrame
                0x00000000080020b4      0x1d4 ./Drivers/STM32F4xx_HAL_Driver/Src/stm32f4xx_hal_eth.o
                0x00000000080020b4                HAL_ETH_TransmitFrame
 .text.HAL_ETH_GetReceivedFrame_IT
                0x0000000008002288      0x110 ./Drivers/STM32F4xx_HAL_Driver/Src/stm32f4xx_hal_eth.o
                0x0000000008002288                HAL_ETH_GetReceivedFrame_IT
 .text.HAL_ETH_IRQHandler
                0x0000000008002398       0xce ./Drivers/STM32F4xx_HAL_Driver/Src/stm32f4xx_hal_eth.o
                0x0000000008002398                HAL_ETH_IRQHandler
 .text.HAL_ETH_TxCpltCallback
                0x0000000008002466       0x14 ./Drivers/STM32F4xx_HAL_Driver/Src/stm32f4xx_hal_eth.o
                0x0000000008002466                HAL_ETH_TxCpltCallback
 .text.HAL_ETH_ErrorCallback
                0x000000000800247a       0x14 ./Drivers/STM32F4xx_HAL_Driver/Src/stm32f4xx_hal_eth.o
                0x000000000800247a                HAL_ETH_ErrorCallback
 .text.HAL_ETH_ReadPHYRegister
                0x000000000800248e       0xd0 ./Drivers/STM32F4xx_HAL_Driver/Src/stm32f4xx_hal_eth.o
                0x000000000800248e                HAL_ETH_ReadPHYRegister
 .text.HAL_ETH_WritePHYRegister
                0x000000000800255e       0xcc ./Drivers/STM32F4xx_HAL_Driver/Src/stm32f4xx_hal_eth.o
                0x000000000800255e                HAL_ETH_WritePHYRegister
 .text.HAL_ETH_Start
                0x000000000800262a       0x5e ./Drivers/STM32F4xx_HAL_Driver/Src/stm32f4xx_hal_eth.o
                0x000000000800262a                HAL_ETH_Start
 .text.HAL_ETH_Stop
                0x0000000008002688       0x5e ./Drivers/STM32F4xx_HAL_Driver/Src/stm32f4xx_hal_eth.o
                0x0000000008002688                HAL_ETH_Stop
 *fill*         0x00000000080026e6        0x2 
 .text.HAL_ETH_ConfigMAC
                0x00000000080026e8      0x1f4 ./Drivers/STM32F4xx_HAL_Driver/Src/stm32f4xx_hal_eth.o
                0x00000000080026e8                HAL_ETH_ConfigMAC
 .text.ETH_MACDMAConfig
                0x00000000080028dc      0x394 ./Drivers/STM32F4xx_HAL_Driver/Src/stm32f4xx_hal_eth.o
 .text.ETH_MACAddressConfig
                0x0000000008002c70       0x70 ./Drivers/STM32F4xx_HAL_Driver/Src/stm32f4xx_hal_eth.o
 .text.ETH_MACTransmissionEnable
                0x0000000008002ce0       0x3a ./Drivers/STM32F4xx_HAL_Driver/Src/stm32f4xx_hal_eth.o
 .text.ETH_MACTransmissionDisable
                0x0000000008002d1a       0x3a ./Drivers/STM32F4xx_HAL_Driver/Src/stm32f4xx_hal_eth.o
 .text.ETH_MACReceptionEnable
                0x0000000008002d54       0x3a ./Drivers/STM32F4xx_HAL_Driver/Src/stm32f4xx_hal_eth.o
 .text.ETH_MACReceptionDisable
                0x0000000008002d8e       0x3a ./Drivers/STM32F4xx_HAL_Driver/Src/stm32f4xx_hal_eth.o
 .text.ETH_DMATransmissionEnable
                0x0000000008002dc8       0x30 ./Drivers/STM32F4xx_HAL_Driver/Src/stm32f4xx_hal_eth.o
 .text.ETH_DMATransmissionDisable
                0x0000000008002df8       0x30 ./Drivers/STM32F4xx_HAL_Driver/Src/stm32f4xx_hal_eth.o
 .text.ETH_DMAReceptionEnable
                0x0000000008002e28       0x30 ./Drivers/STM32F4xx_HAL_Driver/Src/stm32f4xx_hal_eth.o
 .text.ETH_DMAReceptionDisable
                0x0000000008002e58       0x30 ./Drivers/STM32F4xx_HAL_Driver/Src/stm32f4xx_hal_eth.o
 .text.ETH_FlushTransmitFIFO
                0x0000000008002e88       0x52 ./Drivers/STM32F4xx_HAL_Driver/Src/stm32f4xx_hal_eth.o
 *fill*         0x0000000008002eda        0x2 
 .text.ETH_Delay
                0x0000000008002edc       0x40 ./Drivers/STM32F4xx_HAL_Driver/Src/stm32f4xx_hal_eth.o
 .text.HAL_GPIO_Init
                0x0000000008002f1c      0x338 ./Drivers/STM32F4xx_HAL_Driver/Src/stm32f4xx_hal_gpio.o
                0x0000000008002f1c                HAL_GPIO_Init
 .text.HAL_GPIO_TogglePin
                0x0000000008003254       0x34 ./Drivers/STM32F4xx_HAL_Driver/Src/stm32f4xx_hal_gpio.o
                0x0000000008003254                HAL_GPIO_TogglePin
 .text.HAL_RCC_GetHCLKFreq
                0x0000000008003288       0x18 ./Drivers/STM32F4xx_HAL_Driver/Src/stm32f4xx_hal_rcc.o
                0x0000000008003288                HAL_RCC_GetHCLKFreq
 .text.HAL_RCC_GetPCLK2Freq
                0x00000000080032a0       0x28 ./Drivers/STM32F4xx_HAL_Driver/Src/stm32f4xx_hal_rcc.o
                0x00000000080032a0                HAL_RCC_GetPCLK2Freq
 .text.HAL_RCC_GetClockConfig
                0x00000000080032c8       0x64 ./Drivers/STM32F4xx_HAL_Driver/Src/stm32f4xx_hal_rcc.o
                0x00000000080032c8                HAL_RCC_GetClockConfig
 .text.HAL_SPI_Init
                0x000000000800332c      0x112 ./Drivers/STM32F4xx_HAL_Driver/Src/stm32f4xx_hal_spi.o
                0x000000000800332c                HAL_SPI_Init
 .text.HAL_TIM_Base_Init
                0x000000000800343e       0x9e ./Drivers/STM32F4xx_HAL_Driver/Src/stm32f4xx_hal_tim.o
                0x000000000800343e                HAL_TIM_Base_Init
 .text.HAL_TIM_Base_Start
                0x00000000080034dc       0xd0 ./Drivers/STM32F4xx_HAL_Driver/Src/stm32f4xx_hal_tim.o
                0x00000000080034dc                HAL_TIM_Base_Start
 .text.HAL_TIM_Base_Start_IT
                0x00000000080035ac       0xe0 ./Drivers/STM32F4xx_HAL_Driver/Src/stm32f4xx_hal_tim.o
                0x00000000080035ac                HAL_TIM_Base_Start_IT
 .text.HAL_TIM_IRQHandler
                0x000000000800368c      0x210 ./Drivers/STM32F4xx_HAL_Driver/Src/stm32f4xx_hal_tim.o
                0x000000000800368c                HAL_TIM_IRQHandler
 .text.HAL_TIM_ConfigClockSource
                0x000000000800389c      0x18e ./Drivers/STM32F4xx_HAL_Driver/Src/stm32f4xx_hal_tim.o
                0x000000000800389c                HAL_TIM_ConfigClockSource
 .text.HAL_TIM_OC_DelayElapsedCallback
                0x0000000008003a2a       0x14 ./Drivers/STM32F4xx_HAL_Driver/Src/stm32f4xx_hal_tim.o
                0x0000000008003a2a                HAL_TIM_OC_DelayElapsedCallback
 .text.HAL_TIM_IC_CaptureCallback
                0x0000000008003a3e       0x14 ./Drivers/STM32F4xx_HAL_Driver/Src/stm32f4xx_hal_tim.o
                0x0000000008003a3e                HAL_TIM_IC_CaptureCallback
 .text.HAL_TIM_PWM_PulseFinishedCallback
                0x0000000008003a52       0x14 ./Drivers/STM32F4xx_HAL_Driver/Src/stm32f4xx_hal_tim.o
                0x0000000008003a52                HAL_TIM_PWM_PulseFinishedCallback
 .text.HAL_TIM_TriggerCallback
                0x0000000008003a66       0x14 ./Drivers/STM32F4xx_HAL_Driver/Src/stm32f4xx_hal_tim.o
                0x0000000008003a66                HAL_TIM_TriggerCallback
 *fill*         0x0000000008003a7a        0x2 
 .text.TIM_Base_SetConfig
                0x0000000008003a7c      0x140 ./Drivers/STM32F4xx_HAL_Driver/Src/stm32f4xx_hal_tim.o
                0x0000000008003a7c                TIM_Base_SetConfig
 .text.TIM_TI1_ConfigInputStage
                0x0000000008003bbc       0x5e ./Drivers/STM32F4xx_HAL_Driver/Src/stm32f4xx_hal_tim.o
 .text.TIM_TI2_ConfigInputStage
                0x0000000008003c1a       0x60 ./Drivers/STM32F4xx_HAL_Driver/Src/stm32f4xx_hal_tim.o
 .text.TIM_ITRx_SetConfig
                0x0000000008003c7a       0x36 ./Drivers/STM32F4xx_HAL_Driver/Src/stm32f4xx_hal_tim.o
 .text.TIM_ETR_SetConfig
                0x0000000008003cb0       0x40 ./Drivers/STM32F4xx_HAL_Driver/Src/stm32f4xx_hal_tim.o
                0x0000000008003cb0                TIM_ETR_SetConfig
 .text.HAL_TIMEx_MasterConfigSynchronization
                0x0000000008003cf0       0xf8 ./Drivers/STM32F4xx_HAL_Driver/Src/stm32f4xx_hal_tim_ex.o
                0x0000000008003cf0                HAL_TIMEx_MasterConfigSynchronization
 .text.HAL_TIMEx_CommutCallback
                0x0000000008003de8       0x14 ./Drivers/STM32F4xx_HAL_Driver/Src/stm32f4xx_hal_tim_ex.o
                0x0000000008003de8                HAL_TIMEx_CommutCallback
 .text.HAL_TIMEx_BreakCallback
                0x0000000008003dfc       0x14 ./Drivers/STM32F4xx_HAL_Driver/Src/stm32f4xx_hal_tim_ex.o
                0x0000000008003dfc                HAL_TIMEx_BreakCallback
 .text.LL_GPIO_SetPinMode
                0x0000000008003e10       0x5e ./Drivers/STM32F4xx_HAL_Driver/Src/stm32f4xx_ll_gpio.o
 .text.LL_GPIO_SetPinOutputType
                0x0000000008003e6e       0x30 ./Drivers/STM32F4xx_HAL_Driver/Src/stm32f4xx_ll_gpio.o
 .text.LL_GPIO_SetPinSpeed
                0x0000000008003e9e       0x5e ./Drivers/STM32F4xx_HAL_Driver/Src/stm32f4xx_ll_gpio.o
 .text.LL_GPIO_SetPinPull
                0x0000000008003efc       0x5e ./Drivers/STM32F4xx_HAL_Driver/Src/stm32f4xx_ll_gpio.o
 .text.LL_GPIO_SetAFPin_0_7
                0x0000000008003f5a       0x5e ./Drivers/STM32F4xx_HAL_Driver/Src/stm32f4xx_ll_gpio.o
 .text.LL_GPIO_SetAFPin_8_15
                0x0000000008003fb8       0x62 ./Drivers/STM32F4xx_HAL_Driver/Src/stm32f4xx_ll_gpio.o
 .text.LL_GPIO_Init
                0x000000000800401a       0xe6 ./Drivers/STM32F4xx_HAL_Driver/Src/stm32f4xx_ll_gpio.o
                0x000000000800401a                LL_GPIO_Init
 .text.LL_RCC_GetSysClkSource
                0x0000000008004100       0x1c ./Drivers/STM32F4xx_HAL_Driver/Src/stm32f4xx_ll_rcc.o
 .text.LL_RCC_GetAHBPrescaler
                0x000000000800411c       0x1c ./Drivers/STM32F4xx_HAL_Driver/Src/stm32f4xx_ll_rcc.o
 .text.LL_RCC_GetAPB1Prescaler
                0x0000000008004138       0x1c ./Drivers/STM32F4xx_HAL_Driver/Src/stm32f4xx_ll_rcc.o
 .text.LL_RCC_GetAPB2Prescaler
                0x0000000008004154       0x1c ./Drivers/STM32F4xx_HAL_Driver/Src/stm32f4xx_ll_rcc.o
 .text.LL_RCC_PLL_GetMainSource
                0x0000000008004170       0x1c ./Drivers/STM32F4xx_HAL_Driver/Src/stm32f4xx_ll_rcc.o
 .text.LL_RCC_PLL_GetN
                0x000000000800418c       0x1c ./Drivers/STM32F4xx_HAL_Driver/Src/stm32f4xx_ll_rcc.o
 .text.LL_RCC_PLL_GetP
                0x00000000080041a8       0x1c ./Drivers/STM32F4xx_HAL_Driver/Src/stm32f4xx_ll_rcc.o
 .text.LL_RCC_PLL_GetDivider
                0x00000000080041c4       0x1c ./Drivers/STM32F4xx_HAL_Driver/Src/stm32f4xx_ll_rcc.o
 .text.LL_RCC_GetSystemClocksFreq
                0x00000000080041e0       0x4a ./Drivers/STM32F4xx_HAL_Driver/Src/stm32f4xx_ll_rcc.o
                0x00000000080041e0                LL_RCC_GetSystemClocksFreq
 *fill*         0x000000000800422a        0x2 
 .text.RCC_GetSystemClockFreq
                0x000000000800422c       0x50 ./Drivers/STM32F4xx_HAL_Driver/Src/stm32f4xx_ll_rcc.o
                0x000000000800422c                RCC_GetSystemClockFreq
 .text.RCC_GetHCLKClockFreq
                0x000000000800427c       0x2c ./Drivers/STM32F4xx_HAL_Driver/Src/stm32f4xx_ll_rcc.o
                0x000000000800427c                RCC_GetHCLKClockFreq
 .text.RCC_GetPCLK1ClockFreq
                0x00000000080042a8       0x28 ./Drivers/STM32F4xx_HAL_Driver/Src/stm32f4xx_ll_rcc.o
                0x00000000080042a8                RCC_GetPCLK1ClockFreq
 .text.RCC_GetPCLK2ClockFreq
                0x00000000080042d0       0x28 ./Drivers/STM32F4xx_HAL_Driver/Src/stm32f4xx_ll_rcc.o
                0x00000000080042d0                RCC_GetPCLK2ClockFreq
 .text.RCC_PLL_GetFreqDomain_SYS
                0x00000000080042f8       0x7c ./Drivers/STM32F4xx_HAL_Driver/Src/stm32f4xx_ll_rcc.o
                0x00000000080042f8                RCC_PLL_GetFreqDomain_SYS
 .text.LL_USART_IsEnabled
                0x0000000008004374       0x28 ./Drivers/STM32F4xx_HAL_Driver/Src/stm32f4xx_ll_usart.o
 .text.LL_USART_SetStopBitsLength
                0x000000000800439c       0x26 ./Drivers/STM32F4xx_HAL_Driver/Src/stm32f4xx_ll_usart.o
 .text.LL_USART_SetHWFlowCtrl
                0x00000000080043c2       0x26 ./Drivers/STM32F4xx_HAL_Driver/Src/stm32f4xx_ll_usart.o
 .text.LL_USART_SetBaudRate
                0x00000000080043e8      0x320 ./Drivers/STM32F4xx_HAL_Driver/Src/stm32f4xx_ll_usart.o
 .text.LL_USART_Init
                0x0000000008004708      0x100 ./Drivers/STM32F4xx_HAL_Driver/Src/stm32f4xx_ll_usart.o
                0x0000000008004708                LL_USART_Init
 .text.LL_SetSystemCoreClock
                0x0000000008004808       0x20 ./Drivers/STM32F4xx_HAL_Driver/Src/stm32f4xx_ll_utils.o
                0x0000000008004808                LL_SetSystemCoreClock
 .text.AES_Generate_Rand_Key
                0x0000000008004828       0x4c ./Drivers/Src/AES_128.o
                0x0000000008004828                AES_Generate_Rand_Key
 .text.AES_Get_Key
                0x0000000008004874       0x14 ./Drivers/Src/AES_128.o
                0x0000000008004874                AES_Get_Key
 .text.KeyExpansionCore
                0x0000000008004888       0x88 ./Drivers/Src/AES_128.o
                0x0000000008004888                KeyExpansionCore
 .text.KeyExpansion
                0x0000000008004910       0xcc ./Drivers/Src/AES_128.o
                0x0000000008004910                KeyExpansion
 .text.InvSubBytes
                0x00000000080049dc       0x44 ./Drivers/Src/AES_128.o
                0x00000000080049dc                InvSubBytes
 .text.InvShiftRows
                0x0000000008004a20       0x6c ./Drivers/Src/AES_128.o
                0x0000000008004a20                InvShiftRows
 .text.mulGF    0x0000000008004a8c      0x11a ./Drivers/Src/AES_128.o
                0x0000000008004a8c                mulGF
 *fill*         0x0000000008004ba6        0x2 
 .text.InvMixColumns
                0x0000000008004ba8      0x100 ./Drivers/Src/AES_128.o
                0x0000000008004ba8                InvMixColumns
 .text.AddRoundKey
                0x0000000008004ca8       0x46 ./Drivers/Src/AES_128.o
                0x0000000008004ca8                AddRoundKey
 .text.AES_Decrypt_Block_Overwrite
                0x0000000008004cee       0xbe ./Drivers/Src/AES_128.o
                0x0000000008004cee                AES_Decrypt_Block_Overwrite
 .text.AES_Decrypt_Packet
                0x0000000008004dac       0x5c ./Drivers/Src/AES_128.o
                0x0000000008004dac                AES_Decrypt_Packet
 .text.AES_Decrypt_Packet_Key
                0x0000000008004e08       0x58 ./Drivers/Src/AES_128.o
                0x0000000008004e08                AES_Decrypt_Packet_Key
 .text.bn_decode
                0x0000000008004e60       0x9c ./Drivers/Src/bignum.o
                0x0000000008004e60                bn_decode
 .text.bn_encode
                0x0000000008004efc       0x90 ./Drivers/Src/bignum.o
                0x0000000008004efc                bn_encode
 .text.bn_assign
                0x0000000008004f8c       0x42 ./Drivers/Src/bignum.o
                0x0000000008004f8c                bn_assign
 .text.bn_assign_zero
                0x0000000008004fce       0x38 ./Drivers/Src/bignum.o
                0x0000000008004fce                bn_assign_zero
 .text.bn_sub   0x0000000008005006       0x96 ./Drivers/Src/bignum.o
                0x0000000008005006                bn_sub
 .text.bn_mul   0x000000000800509c       0xfa ./Drivers/Src/bignum.o
                0x000000000800509c                bn_mul
 .text.bn_div   0x0000000008005196      0x2b4 ./Drivers/Src/bignum.o
                0x0000000008005196                bn_div
 .text.bn_shift_l
                0x000000000800544a       0x7c ./Drivers/Src/bignum.o
                0x000000000800544a                bn_shift_l
 .text.bn_shift_r
                0x00000000080054c6       0x7c ./Drivers/Src/bignum.o
                0x00000000080054c6                bn_shift_r
 .text.bn_mod   0x0000000008005542       0x6e ./Drivers/Src/bignum.o
                0x0000000008005542                bn_mod
 .text.bn_mod_mul
                0x00000000080055b0       0x6c ./Drivers/Src/bignum.o
                0x00000000080055b0                bn_mod_mul
 .text.bn_mod_exp
                0x000000000800561c      0x1d2 ./Drivers/Src/bignum.o
                0x000000000800561c                bn_mod_exp
 .text.bn_cmp   0x00000000080057ee       0x68 ./Drivers/Src/bignum.o
                0x00000000080057ee                bn_cmp
 .text.bn_digits
                0x0000000008005856       0x40 ./Drivers/Src/bignum.o
                0x0000000008005856                bn_digits
 .text.bn_add_digit_mul
                0x0000000008005896       0xde ./Drivers/Src/bignum.o
 .text.bn_sub_digit_mul
                0x0000000008005974       0xe2 ./Drivers/Src/bignum.o
 .text.bn_digit_bits
                0x0000000008005a56       0x38 ./Drivers/Src/bignum.o
 *fill*         0x0000000008005a8e        0x2 
 .text.savePosDma
                0x0000000008005a90       0x7c ./Drivers/Src/debugAPI.o
                0x0000000008005a90                savePosDma
 .text.udp_receive_callback
                0x0000000008005b0c       0x4c ./Drivers/Src/ethLAN.o
                0x0000000008005b0c                udp_receive_callback
 .text.udp_client_connect
                0x0000000008005b58       0x9c ./Drivers/Src/ethLAN.o
                0x0000000008005b58                udp_client_connect
 .text.udp_client_send
                0x0000000008005bf4       0xa4 ./Drivers/Src/ethLAN.o
                0x0000000008005bf4                udp_client_send
 .text.ethSendTask
                0x0000000008005c98       0xa8 ./Drivers/Src/ethLAN.o
                0x0000000008005c98                ethSendTask
 .text.ethConnectTcpUdp
                0x0000000008005d40      0x138 ./Drivers/Src/ethLAN.o
                0x0000000008005d40                ethConnectTcpUdp
 .text.ethRecvTask
                0x0000000008005e78       0x68 ./Drivers/Src/ethLAN.o
                0x0000000008005e78                ethRecvTask
 .text.ethConnectTask
                0x0000000008005ee0       0xec ./Drivers/Src/ethLAN.o
                0x0000000008005ee0                ethConnectTask
 .text.md5hash  0x0000000008005fcc      0x300 ./Drivers/Src/md5.o
                0x0000000008005fcc                md5hash
 .text.generate_rand
                0x00000000080062cc       0x4a ./Drivers/Src/rsa.o
                0x00000000080062cc                generate_rand
 *fill*         0x0000000008006316        0x2 
 .text.rsa_public_encrypt
                0x0000000008006318       0xb8 ./Drivers/Src/rsa.o
                0x0000000008006318                rsa_public_encrypt
 .text.public_block_operation
                0x00000000080063d0       0xc8 ./Drivers/Src/rsa.o
 .text.RSA2048_Pubkey_Encrypt
                0x0000000008006498       0xf0 ./Drivers/Src/rsa.o
                0x0000000008006498                RSA2048_Pubkey_Encrypt
 .text.LL_DMA_EnableStream
                0x0000000008006588       0x40 ./Drivers/Src/sim7600_uart_dma.o
 .text.LL_DMA_DisableStream
                0x00000000080065c8       0x40 ./Drivers/Src/sim7600_uart_dma.o
 .text.LL_DMA_IsEnabledStream
                0x0000000008006608       0x38 ./Drivers/Src/sim7600_uart_dma.o
 .text.LL_DMA_SetDataTransferDirection
                0x0000000008006640       0x48 ./Drivers/Src/sim7600_uart_dma.o
 .text.LL_DMA_SetMode
                0x0000000008006688       0x48 ./Drivers/Src/sim7600_uart_dma.o
 .text.LL_DMA_SetPeriphIncMode
                0x00000000080066d0       0x48 ./Drivers/Src/sim7600_uart_dma.o
 .text.LL_DMA_SetMemoryIncMode
                0x0000000008006718       0x48 ./Drivers/Src/sim7600_uart_dma.o
 .text.LL_DMA_SetPeriphSize
                0x0000000008006760       0x48 ./Drivers/Src/sim7600_uart_dma.o
 .text.LL_DMA_SetMemorySize
                0x00000000080067a8       0x48 ./Drivers/Src/sim7600_uart_dma.o
 .text.LL_DMA_SetStreamPriorityLevel
                0x00000000080067f0       0x48 ./Drivers/Src/sim7600_uart_dma.o
 .text.LL_DMA_SetDataLength
                0x0000000008006838       0x48 ./Drivers/Src/sim7600_uart_dma.o
 .text.LL_DMA_GetDataLength
                0x0000000008006880       0x2c ./Drivers/Src/sim7600_uart_dma.o
 .text.LL_DMA_SetChannelSelection
                0x00000000080068ac       0x48 ./Drivers/Src/sim7600_uart_dma.o
 .text.LL_DMA_DisableFifoMode
                0x00000000080068f4       0x40 ./Drivers/Src/sim7600_uart_dma.o
 .text.LL_DMA_SetMemoryAddress
                0x0000000008006934       0x30 ./Drivers/Src/sim7600_uart_dma.o
 .text.LL_DMA_SetPeriphAddress
                0x0000000008006964       0x30 ./Drivers/Src/sim7600_uart_dma.o
 .text.LL_AHB1_GRP1_EnableClock
                0x0000000008006994       0x30 ./Drivers/Src/sim7600_uart_dma.o
 .text.LL_APB2_GRP1_EnableClock
                0x00000000080069c4       0x30 ./Drivers/Src/sim7600_uart_dma.o
 .text.LL_USART_Enable
                0x00000000080069f4       0x20 ./Drivers/Src/sim7600_uart_dma.o
 .text.LL_USART_Disable
                0x0000000008006a14       0x20 ./Drivers/Src/sim7600_uart_dma.o
 .text.LL_USART_IsEnabled
                0x0000000008006a34       0x28 ./Drivers/Src/sim7600_uart_dma.o
 .text.LL_USART_SetBaudRate
                0x0000000008006a5c      0x320 ./Drivers/Src/sim7600_uart_dma.o
 .text.LL_USART_ConfigAsyncMode
                0x0000000008006d7c       0x2c ./Drivers/Src/sim7600_uart_dma.o
 .text.LL_USART_IsActiveFlag_TC
                0x0000000008006da8       0x26 ./Drivers/Src/sim7600_uart_dma.o
 .text.LL_USART_IsActiveFlag_TXE
                0x0000000008006dce       0x26 ./Drivers/Src/sim7600_uart_dma.o
 .text.LL_USART_EnableDMAReq_RX
                0x0000000008006df4       0x46 ./Drivers/Src/sim7600_uart_dma.o
 .text.LL_USART_TransmitData8
                0x0000000008006e3a       0x1e ./Drivers/Src/sim7600_uart_dma.o
 .text.LL_GPIO_ReadInputPort
                0x0000000008006e58       0x18 ./Drivers/Src/sim7600_uart_dma.o
 .text.LL_GPIO_SetOutputPin
                0x0000000008006e70       0x1c ./Drivers/Src/sim7600_uart_dma.o
 .text.LL_GPIO_ResetOutputPin
                0x0000000008006e8c       0x1e ./Drivers/Src/sim7600_uart_dma.o
 *fill*         0x0000000008006eaa        0x2 
 .text.sim7600_powerON
                0x0000000008006eac       0xa0 ./Drivers/Src/sim7600_uart_dma.o
                0x0000000008006eac                sim7600_powerON
 .text.sim7600_powerOFF
                0x0000000008006f4c       0xa0 ./Drivers/Src/sim7600_uart_dma.o
                0x0000000008006f4c                sim7600_powerOFF
 .text.sim7600_reset
                0x0000000008006fec       0x48 ./Drivers/Src/sim7600_uart_dma.o
                0x0000000008006fec                sim7600_reset
 .text.sim7600_gpio_init
                0x0000000008007034       0xa4 ./Drivers/Src/sim7600_uart_dma.o
                0x0000000008007034                sim7600_gpio_init
 .text.sim7600_init
                0x00000000080070d8      0x1b8 ./Drivers/Src/sim7600_uart_dma.o
                0x00000000080070d8                sim7600_init
 .text.sim7600_update_response
                0x0000000008007290       0x60 ./Drivers/Src/sim7600_uart_dma.o
                0x0000000008007290                sim7600_update_response
 .text.sim7600_usart_send_string
                0x00000000080072f0       0x38 ./Drivers/Src/sim7600_uart_dma.o
                0x00000000080072f0                sim7600_usart_send_string
 .text.sim7600_usart_send_byte
                0x0000000008007328       0x64 ./Drivers/Src/sim7600_uart_dma.o
                0x0000000008007328                sim7600_usart_send_byte
 .text.sim7600_send_cmd
                0x000000000800738c       0x8c ./Drivers/Src/sim7600_uart_dma.o
                0x000000000800738c                sim7600_send_cmd
 .text.sim7600_AT
                0x0000000008007418      0x118 ./Drivers/Src/sim7600_uart_dma.o
                0x0000000008007418                sim7600_AT
 .text.sim7600_AT_notify_error
                0x0000000008007530       0x54 ./Drivers/Src/sim7600_uart_dma.o
                0x0000000008007530                sim7600_AT_notify_error
 .text.sim7600_send_packet_ip
                0x0000000008007584      0x1b0 ./Drivers/Src/sim7600_uart_dma.o
                0x0000000008007584                sim7600_send_packet_ip
 .text.sim7600_IP
                0x0000000008007734       0x60 ./Drivers/Src/sim7600_uart_dma.o
                0x0000000008007734                sim7600_IP
 .text.sim7600_fullConfig
                0x0000000008007794      0x170 ./Drivers/Src/sim7600_uart_dma.o
                0x0000000008007794                sim7600_fullConfig
 .text.sim7600_fullConfigTask
                0x0000000008007904      0x1dc ./Drivers/Src/sim7600_uart_dma.o
                0x0000000008007904                sim7600_fullConfigTask
 .text.sim7600_connectTask
                0x0000000008007ae0      0x35c ./Drivers/Src/sim7600_uart_dma.o
                0x0000000008007ae0                sim7600_connectTask
 .text.sim7600_sendTask
                0x0000000008007e3c       0x98 ./Drivers/Src/sim7600_uart_dma.o
                0x0000000008007e3c                sim7600_sendTask
 .text.sim7600_recvTask
                0x0000000008007ed4       0x28 ./Drivers/Src/sim7600_uart_dma.o
                0x0000000008007ed4                sim7600_recvTask
 .text.sim7600_usart_rx_check
                0x0000000008007efc      0x1b4 ./Drivers/Src/sim7600_uart_dma.o
                0x0000000008007efc                sim7600_usart_rx_check
 .text.check_normal_response
                0x00000000080080b0       0x38 ./Drivers/Src/sim7600_uart_dma.o
                0x00000000080080b0                check_normal_response
 .text.check_normal_ip_packet
                0x00000000080080e8      0x134 ./Drivers/Src/sim7600_uart_dma.o
                0x00000000080080e8                check_normal_ip_packet
 .text.sim7600_handle_received_data
                0x000000000800821c      0x3f8 ./Drivers/Src/sim7600_uart_dma.o
                0x000000000800821c                sim7600_handle_received_data
 .text.sim7600_change_baud
                0x0000000008008614       0x3c ./Drivers/Src/sim7600_uart_dma.o
                0x0000000008008614                sim7600_change_baud
 .text.sim7600_reset_all_state
                0x0000000008008650       0x78 ./Drivers/Src/sim7600_uart_dma.o
                0x0000000008008650                sim7600_reset_all_state
 .text.sim7600_restart
                0x00000000080086c8       0xc0 ./Drivers/Src/sim7600_uart_dma.o
                0x00000000080086c8                sim7600_restart
 .text.TCP_UDP_Notify
                0x0000000008008788       0x34 ./Drivers/Src/tcp_udp_stack.o
                0x0000000008008788                TCP_UDP_Notify
 .text.TCP_UDP_Send
                0x00000000080087bc       0x3c ./Drivers/Src/tcp_udp_stack.o
                0x00000000080087bc                TCP_UDP_Send
 .text.AudioPacketHandle
                0x00000000080087f8       0x84 ./Drivers/Src/tcp_udp_stack.o
                0x00000000080087f8                AudioPacketHandle
 .text.TCP_Packet_Handle
                0x000000000800887c      0x2ec ./Drivers/Src/tcp_udp_stack.o
                0x000000000800887c                TCP_Packet_Handle
 .text.HexStringToByteArray
                0x0000000008008b68      0x100 ./Drivers/Src/tcp_udp_stack.o
                0x0000000008008b68                HexStringToByteArray
 .text.TCP_Packet_Analyze
                0x0000000008008c68      0x120 ./Drivers/Src/tcp_udp_stack.o
                0x0000000008008c68                TCP_Packet_Analyze
 .text.UDP_Packet_Analyze
                0x0000000008008d88       0xd0 ./Drivers/Src/tcp_udp_stack.o
                0x0000000008008d88                UDP_Packet_Analyze
 .text.TCP_UDP_Stack_Init
                0x0000000008008e58      0x10c ./Drivers/Src/tcp_udp_stack.o
                0x0000000008008e58                TCP_UDP_Stack_Init
 .text.TCP_UDP_Stack_Release
                0x0000000008008f64       0x2c ./Drivers/Src/tcp_udp_stack.o
                0x0000000008008f64                TCP_UDP_Stack_Release
 .text.TCP_Timer_Callback
                0x0000000008008f90      0x140 ./Drivers/Src/tcp_udp_stack.o
                0x0000000008008f90                TCP_Timer_Callback
 .text.TCP_Request
                0x00000000080090d0       0x18 ./Drivers/Src/tcp_udp_stack.o
                0x00000000080090d0                TCP_Request
 .text.CheckMD5
                0x00000000080090e8       0x84 ./Drivers/Src/tcp_udp_stack.o
                0x00000000080090e8                CheckMD5
 .text.ConvertTextWithSalt
                0x000000000800916c       0xdc ./Drivers/Src/tcp_udp_stack.o
                0x000000000800916c                ConvertTextWithSalt
 .text.CheckSaltACK
                0x0000000008009248       0x68 ./Drivers/Src/tcp_udp_stack.o
                0x0000000008009248                CheckSaltACK
 .text.MX_LWIP_Init
                0x00000000080092b0       0xe8 ./LWIP/App/lwip.o
                0x00000000080092b0                MX_LWIP_Init
 .text.HAL_ETH_MspInit
                0x0000000008009398      0x15c ./LWIP/Target/ethernetif.o
                0x0000000008009398                HAL_ETH_MspInit
 .text.HAL_ETH_RxCpltCallback
                0x00000000080094f4       0x20 ./LWIP/Target/ethernetif.o
                0x00000000080094f4                HAL_ETH_RxCpltCallback
 .text.low_level_init
                0x0000000008009514      0x1a8 ./LWIP/Target/ethernetif.o
 .text.low_level_output
                0x00000000080096bc      0x13c ./LWIP/Target/ethernetif.o
 .text.low_level_input
                0x00000000080097f8      0x168 ./LWIP/Target/ethernetif.o
 .text.ethernetif_input
                0x0000000008009960       0x60 ./LWIP/Target/ethernetif.o
                0x0000000008009960                ethernetif_input
 .text.ethernetif_init
                0x00000000080099c0       0x5c ./LWIP/Target/ethernetif.o
                0x00000000080099c0                ethernetif_init
 .text.sys_now  0x0000000008009a1c        0xe ./LWIP/Target/ethernetif.o
                0x0000000008009a1c                sys_now
 *fill*         0x0000000008009a2a        0x2 
 .text.ethernetif_set_link
                0x0000000008009a2c       0x78 ./LWIP/Target/ethernetif.o
                0x0000000008009a2c                ethernetif_set_link
 .text.ethernetif_update_config
                0x0000000008009aa4       0xf8 ./LWIP/Target/ethernetif.o
                0x0000000008009aa4                ethernetif_update_config
 .text.ethernetif_notify_conn_changed
                0x0000000008009b9c       0x14 ./LWIP/Target/ethernetif.o
                0x0000000008009b9c                ethernetif_notify_conn_changed
 .text.__NVIC_SetPriority
                0x0000000008009bb0       0x54 ./Middlewares/Third_Party/FreeRTOS/Source/CMSIS_RTOS_V2/cmsis_os2.o
 .text.SysTick_Handler
                0x0000000008009c04       0x20 ./Middlewares/Third_Party/FreeRTOS/Source/CMSIS_RTOS_V2/cmsis_os2.o
                0x0000000008009c04                SysTick_Handler
 .text.SVC_Setup
                0x0000000008009c24       0x12 ./Middlewares/Third_Party/FreeRTOS/Source/CMSIS_RTOS_V2/cmsis_os2.o
 *fill*         0x0000000008009c36        0x2 
 .text.osKernelInitialize
                0x0000000008009c38       0x48 ./Middlewares/Third_Party/FreeRTOS/Source/CMSIS_RTOS_V2/cmsis_os2.o
                0x0000000008009c38                osKernelInitialize
 .text.osKernelStart
                0x0000000008009c80       0x4c ./Middlewares/Third_Party/FreeRTOS/Source/CMSIS_RTOS_V2/cmsis_os2.o
                0x0000000008009c80                osKernelStart
 .text.osKernelGetTickCount
                0x0000000008009ccc       0x2a ./Middlewares/Third_Party/FreeRTOS/Source/CMSIS_RTOS_V2/cmsis_os2.o
                0x0000000008009ccc                osKernelGetTickCount
 .text.osThreadNew
                0x0000000008009cf6      0x124 ./Middlewares/Third_Party/FreeRTOS/Source/CMSIS_RTOS_V2/cmsis_os2.o
                0x0000000008009cf6                osThreadNew
 .text.osDelay  0x0000000008009e1a       0x36 ./Middlewares/Third_Party/FreeRTOS/Source/CMSIS_RTOS_V2/cmsis_os2.o
                0x0000000008009e1a                osDelay
 .text.TimerCallback
                0x0000000008009e50       0x2a ./Middlewares/Third_Party/FreeRTOS/Source/CMSIS_RTOS_V2/cmsis_os2.o
 *fill*         0x0000000008009e7a        0x2 
 .text.osTimerNew
                0x0000000008009e7c       0xf8 ./Middlewares/Third_Party/FreeRTOS/Source/CMSIS_RTOS_V2/cmsis_os2.o
                0x0000000008009e7c                osTimerNew
 .text.osTimerStart
                0x0000000008009f74       0x5c ./Middlewares/Third_Party/FreeRTOS/Source/CMSIS_RTOS_V2/cmsis_os2.o
                0x0000000008009f74                osTimerStart
 .text.osTimerStop
                0x0000000008009fd0       0x6e ./Middlewares/Third_Party/FreeRTOS/Source/CMSIS_RTOS_V2/cmsis_os2.o
                0x0000000008009fd0                osTimerStop
 .text.osEventFlagsNew
                0x000000000800a03e       0x7e ./Middlewares/Third_Party/FreeRTOS/Source/CMSIS_RTOS_V2/cmsis_os2.o
                0x000000000800a03e                osEventFlagsNew
 .text.osEventFlagsSet
                0x000000000800a0bc       0x88 ./Middlewares/Third_Party/FreeRTOS/Source/CMSIS_RTOS_V2/cmsis_os2.o
                0x000000000800a0bc                osEventFlagsSet
 .text.osEventFlagsClear
                0x000000000800a144       0x64 ./Middlewares/Third_Party/FreeRTOS/Source/CMSIS_RTOS_V2/cmsis_os2.o
                0x000000000800a144                osEventFlagsClear
 .text.osEventFlagsWait
                0x000000000800a1a8       0xcc ./Middlewares/Third_Party/FreeRTOS/Source/CMSIS_RTOS_V2/cmsis_os2.o
                0x000000000800a1a8                osEventFlagsWait
 .text.osEventFlagsDelete
                0x000000000800a274       0x42 ./Middlewares/Third_Party/FreeRTOS/Source/CMSIS_RTOS_V2/cmsis_os2.o
                0x000000000800a274                osEventFlagsDelete
 .text.osMutexNew
                0x000000000800a2b6      0x10c ./Middlewares/Third_Party/FreeRTOS/Source/CMSIS_RTOS_V2/cmsis_os2.o
                0x000000000800a2b6                osMutexNew
 .text.osMutexAcquire
                0x000000000800a3c2       0x96 ./Middlewares/Third_Party/FreeRTOS/Source/CMSIS_RTOS_V2/cmsis_os2.o
                0x000000000800a3c2                osMutexAcquire
 .text.osMutexRelease
                0x000000000800a458       0x7a ./Middlewares/Third_Party/FreeRTOS/Source/CMSIS_RTOS_V2/cmsis_os2.o
                0x000000000800a458                osMutexRelease
 .text.osSemaphoreNew
                0x000000000800a4d2      0x112 ./Middlewares/Third_Party/FreeRTOS/Source/CMSIS_RTOS_V2/cmsis_os2.o
                0x000000000800a4d2                osSemaphoreNew
 .text.osSemaphoreAcquire
                0x000000000800a5e4       0xa4 ./Middlewares/Third_Party/FreeRTOS/Source/CMSIS_RTOS_V2/cmsis_os2.o
                0x000000000800a5e4                osSemaphoreAcquire
 .text.osSemaphoreRelease
                0x000000000800a688       0x88 ./Middlewares/Third_Party/FreeRTOS/Source/CMSIS_RTOS_V2/cmsis_os2.o
                0x000000000800a688                osSemaphoreRelease
 .text.osSemaphoreDelete
                0x000000000800a710       0x48 ./Middlewares/Third_Party/FreeRTOS/Source/CMSIS_RTOS_V2/cmsis_os2.o
                0x000000000800a710                osSemaphoreDelete
 .text.osMessageQueueNew
                0x000000000800a758       0xe6 ./Middlewares/Third_Party/FreeRTOS/Source/CMSIS_RTOS_V2/cmsis_os2.o
                0x000000000800a758                osMessageQueueNew
 *fill*         0x000000000800a83e        0x2 
 .text.osMessageQueuePut
                0x000000000800a840       0xc0 ./Middlewares/Third_Party/FreeRTOS/Source/CMSIS_RTOS_V2/cmsis_os2.o
                0x000000000800a840                osMessageQueuePut
 .text.osMessageQueueGet
                0x000000000800a900       0xbc ./Middlewares/Third_Party/FreeRTOS/Source/CMSIS_RTOS_V2/cmsis_os2.o
                0x000000000800a900                osMessageQueueGet
 .text.osMessageQueueGetCount
                0x000000000800a9bc       0x40 ./Middlewares/Third_Party/FreeRTOS/Source/CMSIS_RTOS_V2/cmsis_os2.o
                0x000000000800a9bc                osMessageQueueGetCount
 .text.osMessageQueueReset
                0x000000000800a9fc       0x44 ./Middlewares/Third_Party/FreeRTOS/Source/CMSIS_RTOS_V2/cmsis_os2.o
                0x000000000800a9fc                osMessageQueueReset
 .text.osMessageQueueDelete
                0x000000000800aa40       0x48 ./Middlewares/Third_Party/FreeRTOS/Source/CMSIS_RTOS_V2/cmsis_os2.o
                0x000000000800aa40                osMessageQueueDelete
 .text.vApplicationGetIdleTaskMemory
                0x000000000800aa88       0x34 ./Middlewares/Third_Party/FreeRTOS/Source/CMSIS_RTOS_V2/cmsis_os2.o
                0x000000000800aa88                vApplicationGetIdleTaskMemory
 .text.vApplicationGetTimerTaskMemory
                0x000000000800aabc       0x34 ./Middlewares/Third_Party/FreeRTOS/Source/CMSIS_RTOS_V2/cmsis_os2.o
                0x000000000800aabc                vApplicationGetTimerTaskMemory
 .text.xEventGroupCreateStatic
                0x000000000800aaf0       0x6e ./Middlewares/Third_Party/FreeRTOS/Source/event_groups.o
                0x000000000800aaf0                xEventGroupCreateStatic
 .text.xEventGroupCreate
                0x000000000800ab5e       0x34 ./Middlewares/Third_Party/FreeRTOS/Source/event_groups.o
                0x000000000800ab5e                xEventGroupCreate
 *fill*         0x000000000800ab92        0x2 
 .text.xEventGroupWaitBits
                0x000000000800ab94      0x19c ./Middlewares/Third_Party/FreeRTOS/Source/event_groups.o
                0x000000000800ab94                xEventGroupWaitBits
 .text.xEventGroupClearBits
                0x000000000800ad30       0x70 ./Middlewares/Third_Party/FreeRTOS/Source/event_groups.o
                0x000000000800ad30                xEventGroupClearBits
 .text.xEventGroupClearBitsFromISR
                0x000000000800ada0       0x28 ./Middlewares/Third_Party/FreeRTOS/Source/event_groups.o
                0x000000000800ada0                xEventGroupClearBitsFromISR
 .text.xEventGroupGetBitsFromISR
                0x000000000800adc8       0x48 ./Middlewares/Third_Party/FreeRTOS/Source/event_groups.o
                0x000000000800adc8                xEventGroupGetBitsFromISR
 .text.xEventGroupSetBits
                0x000000000800ae10      0x116 ./Middlewares/Third_Party/FreeRTOS/Source/event_groups.o
                0x000000000800ae10                xEventGroupSetBits
 .text.vEventGroupDelete
                0x000000000800af26       0x6a ./Middlewares/Third_Party/FreeRTOS/Source/event_groups.o
                0x000000000800af26                vEventGroupDelete
 .text.vEventGroupSetBitsCallback
                0x000000000800af90       0x1a ./Middlewares/Third_Party/FreeRTOS/Source/event_groups.o
                0x000000000800af90                vEventGroupSetBitsCallback
 .text.vEventGroupClearBitsCallback
                0x000000000800afaa       0x1a ./Middlewares/Third_Party/FreeRTOS/Source/event_groups.o
                0x000000000800afaa                vEventGroupClearBitsCallback
 .text.prvTestWaitCondition
                0x000000000800afc4       0x44 ./Middlewares/Third_Party/FreeRTOS/Source/event_groups.o
 .text.xEventGroupSetBitsFromISR
                0x000000000800b008       0x28 ./Middlewares/Third_Party/FreeRTOS/Source/event_groups.o
                0x000000000800b008                xEventGroupSetBitsFromISR
 .text.vListInitialise
                0x000000000800b030       0x40 ./Middlewares/Third_Party/FreeRTOS/Source/list.o
                0x000000000800b030                vListInitialise
 .text.vListInitialiseItem
                0x000000000800b070       0x1a ./Middlewares/Third_Party/FreeRTOS/Source/list.o
                0x000000000800b070                vListInitialiseItem
 .text.vListInsertEnd
                0x000000000800b08a       0x48 ./Middlewares/Third_Party/FreeRTOS/Source/list.o
                0x000000000800b08a                vListInsertEnd
 .text.vListInsert
                0x000000000800b0d2       0x72 ./Middlewares/Third_Party/FreeRTOS/Source/list.o
                0x000000000800b0d2                vListInsert
 .text.uxListRemove
                0x000000000800b144       0x54 ./Middlewares/Third_Party/FreeRTOS/Source/list.o
                0x000000000800b144                uxListRemove
 .text.xQueueGenericReset
                0x000000000800b198       0xd0 ./Middlewares/Third_Party/FreeRTOS/Source/queue.o
                0x000000000800b198                xQueueGenericReset
 .text.xQueueGenericCreateStatic
                0x000000000800b268       0xf0 ./Middlewares/Third_Party/FreeRTOS/Source/queue.o
                0x000000000800b268                xQueueGenericCreateStatic
 .text.xQueueGenericCreate
                0x000000000800b358       0x74 ./Middlewares/Third_Party/FreeRTOS/Source/queue.o
                0x000000000800b358                xQueueGenericCreate
 .text.prvInitialiseNewQueue
                0x000000000800b3cc       0x46 ./Middlewares/Third_Party/FreeRTOS/Source/queue.o
 .text.prvInitialiseMutex
                0x000000000800b412       0x34 ./Middlewares/Third_Party/FreeRTOS/Source/queue.o
 .text.xQueueCreateMutex
                0x000000000800b446       0x30 ./Middlewares/Third_Party/FreeRTOS/Source/queue.o
                0x000000000800b446                xQueueCreateMutex
 .text.xQueueCreateMutexStatic
                0x000000000800b476       0x36 ./Middlewares/Third_Party/FreeRTOS/Source/queue.o
                0x000000000800b476                xQueueCreateMutexStatic
 .text.xQueueGiveMutexRecursive
                0x000000000800b4ac       0x68 ./Middlewares/Third_Party/FreeRTOS/Source/queue.o
                0x000000000800b4ac                xQueueGiveMutexRecursive
 .text.xQueueTakeMutexRecursive
                0x000000000800b514       0x6c ./Middlewares/Third_Party/FreeRTOS/Source/queue.o
                0x000000000800b514                xQueueTakeMutexRecursive
 .text.xQueueCreateCountingSemaphoreStatic
                0x000000000800b580       0x6e ./Middlewares/Third_Party/FreeRTOS/Source/queue.o
                0x000000000800b580                xQueueCreateCountingSemaphoreStatic
 .text.xQueueCreateCountingSemaphore
                0x000000000800b5ee       0x66 ./Middlewares/Third_Party/FreeRTOS/Source/queue.o
                0x000000000800b5ee                xQueueCreateCountingSemaphore
 .text.xQueueGenericSend
                0x000000000800b654      0x1fc ./Middlewares/Third_Party/FreeRTOS/Source/queue.o
                0x000000000800b654                xQueueGenericSend
 .text.xQueueGenericSendFromISR
                0x000000000800b850      0x136 ./Middlewares/Third_Party/FreeRTOS/Source/queue.o
                0x000000000800b850                xQueueGenericSendFromISR
 .text.xQueueGiveFromISR
                0x000000000800b986      0x11a ./Middlewares/Third_Party/FreeRTOS/Source/queue.o
                0x000000000800b986                xQueueGiveFromISR
 .text.xQueueReceive
                0x000000000800baa0      0x1c0 ./Middlewares/Third_Party/FreeRTOS/Source/queue.o
                0x000000000800baa0                xQueueReceive
 .text.xQueueSemaphoreTake
                0x000000000800bc60      0x218 ./Middlewares/Third_Party/FreeRTOS/Source/queue.o
                0x000000000800bc60                xQueueSemaphoreTake
 .text.xQueueReceiveFromISR
                0x000000000800be78      0x100 ./Middlewares/Third_Party/FreeRTOS/Source/queue.o
                0x000000000800be78                xQueueReceiveFromISR
 .text.uxQueueMessagesWaiting
                0x000000000800bf78       0x3c ./Middlewares/Third_Party/FreeRTOS/Source/queue.o
                0x000000000800bf78                uxQueueMessagesWaiting
 .text.uxQueueMessagesWaitingFromISR
                0x000000000800bfb4       0x3c ./Middlewares/Third_Party/FreeRTOS/Source/queue.o
                0x000000000800bfb4                uxQueueMessagesWaitingFromISR
 .text.vQueueDelete
                0x000000000800bff0       0x46 ./Middlewares/Third_Party/FreeRTOS/Source/queue.o
                0x000000000800bff0                vQueueDelete
 .text.prvGetDisinheritPriorityAfterTimeout
                0x000000000800c036       0x30 ./Middlewares/Third_Party/FreeRTOS/Source/queue.o
 .text.prvCopyDataToQueue
                0x000000000800c066       0xd4 ./Middlewares/Third_Party/FreeRTOS/Source/queue.o
 .text.prvCopyDataFromQueue
                0x000000000800c13a       0x4c ./Middlewares/Third_Party/FreeRTOS/Source/queue.o
 .text.prvUnlockQueue
                0x000000000800c186       0xa4 ./Middlewares/Third_Party/FreeRTOS/Source/queue.o
 .text.prvIsQueueEmpty
                0x000000000800c22a       0x2c ./Middlewares/Third_Party/FreeRTOS/Source/queue.o
 .text.prvIsQueueFull
                0x000000000800c256       0x30 ./Middlewares/Third_Party/FreeRTOS/Source/queue.o
 *fill*         0x000000000800c286        0x2 
 .text.vQueueAddToRegistry
                0x000000000800c288       0x54 ./Middlewares/Third_Party/FreeRTOS/Source/queue.o
                0x000000000800c288                vQueueAddToRegistry
 .text.vQueueUnregisterQueue
                0x000000000800c2dc       0x54 ./Middlewares/Third_Party/FreeRTOS/Source/queue.o
                0x000000000800c2dc                vQueueUnregisterQueue
 .text.vQueueWaitForMessageRestricted
                0x000000000800c330       0x68 ./Middlewares/Third_Party/FreeRTOS/Source/queue.o
                0x000000000800c330                vQueueWaitForMessageRestricted
 .text.xTaskCreateStatic
                0x000000000800c398       0xba ./Middlewares/Third_Party/FreeRTOS/Source/tasks.o
                0x000000000800c398                xTaskCreateStatic
 .text.xTaskCreate
                0x000000000800c452       0x8a ./Middlewares/Third_Party/FreeRTOS/Source/tasks.o
                0x000000000800c452                xTaskCreate
 .text.prvInitialiseNewTask
                0x000000000800c4dc      0x158 ./Middlewares/Third_Party/FreeRTOS/Source/tasks.o
 .text.prvAddNewTaskToReadyList
                0x000000000800c634       0xe0 ./Middlewares/Third_Party/FreeRTOS/Source/tasks.o
 .text.vTaskDelay
                0x000000000800c714       0x68 ./Middlewares/Third_Party/FreeRTOS/Source/tasks.o
                0x000000000800c714                vTaskDelay
 .text.vTaskStartScheduler
                0x000000000800c77c       0xe4 ./Middlewares/Third_Party/FreeRTOS/Source/tasks.o
                0x000000000800c77c                vTaskStartScheduler
 .text.vTaskSuspendAll
                0x000000000800c860       0x1c ./Middlewares/Third_Party/FreeRTOS/Source/tasks.o
                0x000000000800c860                vTaskSuspendAll
 .text.xTaskResumeAll
                0x000000000800c87c      0x13c ./Middlewares/Third_Party/FreeRTOS/Source/tasks.o
                0x000000000800c87c                xTaskResumeAll
 .text.xTaskGetTickCount
                0x000000000800c9b8       0x20 ./Middlewares/Third_Party/FreeRTOS/Source/tasks.o
                0x000000000800c9b8                xTaskGetTickCount
 .text.xTaskGetTickCountFromISR
                0x000000000800c9d8       0x24 ./Middlewares/Third_Party/FreeRTOS/Source/tasks.o
                0x000000000800c9d8                xTaskGetTickCountFromISR
 .text.xTaskIncrementTick
                0x000000000800c9fc      0x174 ./Middlewares/Third_Party/FreeRTOS/Source/tasks.o
                0x000000000800c9fc                xTaskIncrementTick
 .text.vTaskSwitchContext
                0x000000000800cb70      0x100 ./Middlewares/Third_Party/FreeRTOS/Source/tasks.o
                0x000000000800cb70                vTaskSwitchContext
 .text.vTaskPlaceOnEventList
                0x000000000800cc70       0x48 ./Middlewares/Third_Party/FreeRTOS/Source/tasks.o
                0x000000000800cc70                vTaskPlaceOnEventList
 .text.vTaskPlaceOnUnorderedEventList
                0x000000000800ccb8       0x78 ./Middlewares/Third_Party/FreeRTOS/Source/tasks.o
                0x000000000800ccb8                vTaskPlaceOnUnorderedEventList
 .text.vTaskPlaceOnEventListRestricted
                0x000000000800cd30       0x58 ./Middlewares/Third_Party/FreeRTOS/Source/tasks.o
                0x000000000800cd30                vTaskPlaceOnEventListRestricted
 .text.xTaskRemoveFromEventList
                0x000000000800cd88       0xc8 ./Middlewares/Third_Party/FreeRTOS/Source/tasks.o
                0x000000000800cd88                xTaskRemoveFromEventList
 .text.vTaskRemoveFromUnorderedEventList
                0x000000000800ce50       0xc4 ./Middlewares/Third_Party/FreeRTOS/Source/tasks.o
                0x000000000800ce50                vTaskRemoveFromUnorderedEventList
 .text.vTaskInternalSetTimeOutState
                0x000000000800cf14       0x2c ./Middlewares/Third_Party/FreeRTOS/Source/tasks.o
                0x000000000800cf14                vTaskInternalSetTimeOutState
 .text.xTaskCheckForTimeOut
                0x000000000800cf40       0xc4 ./Middlewares/Third_Party/FreeRTOS/Source/tasks.o
                0x000000000800cf40                xTaskCheckForTimeOut
 .text.vTaskMissedYield
                0x000000000800d004       0x18 ./Middlewares/Third_Party/FreeRTOS/Source/tasks.o
                0x000000000800d004                vTaskMissedYield
 .text.prvIdleTask
                0x000000000800d01c       0x30 ./Middlewares/Third_Party/FreeRTOS/Source/tasks.o
 .text.prvInitialiseTaskLists
                0x000000000800d04c       0x80 ./Middlewares/Third_Party/FreeRTOS/Source/tasks.o
 .text.prvCheckTasksWaitingTermination
                0x000000000800d0cc       0x5c ./Middlewares/Third_Party/FreeRTOS/Source/tasks.o
 .text.prvDeleteTCB
                0x000000000800d128       0x68 ./Middlewares/Third_Party/FreeRTOS/Source/tasks.o
 .text.prvResetNextTaskUnblockTime
                0x000000000800d190       0x40 ./Middlewares/Third_Party/FreeRTOS/Source/tasks.o
 .text.xTaskGetCurrentTaskHandle
                0x000000000800d1d0       0x20 ./Middlewares/Third_Party/FreeRTOS/Source/tasks.o
                0x000000000800d1d0                xTaskGetCurrentTaskHandle
 .text.xTaskGetSchedulerState
                0x000000000800d1f0       0x3c ./Middlewares/Third_Party/FreeRTOS/Source/tasks.o
                0x000000000800d1f0                xTaskGetSchedulerState
 .text.xTaskPriorityInherit
                0x000000000800d22c       0xd0 ./Middlewares/Third_Party/FreeRTOS/Source/tasks.o
                0x000000000800d22c                xTaskPriorityInherit
 .text.xTaskPriorityDisinherit
                0x000000000800d2fc       0xdc ./Middlewares/Third_Party/FreeRTOS/Source/tasks.o
                0x000000000800d2fc                xTaskPriorityDisinherit
 .text.vTaskPriorityDisinheritAfterTimeout
                0x000000000800d3d8      0x104 ./Middlewares/Third_Party/FreeRTOS/Source/tasks.o
                0x000000000800d3d8                vTaskPriorityDisinheritAfterTimeout
 .text.uxTaskResetEventItemValue
                0x000000000800d4dc       0x30 ./Middlewares/Third_Party/FreeRTOS/Source/tasks.o
                0x000000000800d4dc                uxTaskResetEventItemValue
 .text.pvTaskIncrementMutexHeldCount
                0x000000000800d50c       0x28 ./Middlewares/Third_Party/FreeRTOS/Source/tasks.o
                0x000000000800d50c                pvTaskIncrementMutexHeldCount
 .text.prvAddCurrentTaskToDelayedList
                0x000000000800d534       0xa8 ./Middlewares/Third_Party/FreeRTOS/Source/tasks.o
 .text.xTimerCreateTimerTask
                0x000000000800d5dc       0x90 ./Middlewares/Third_Party/FreeRTOS/Source/timers.o
                0x000000000800d5dc                xTimerCreateTimerTask
 .text.xTimerCreate
                0x000000000800d66c       0x42 ./Middlewares/Third_Party/FreeRTOS/Source/timers.o
                0x000000000800d66c                xTimerCreate
 .text.xTimerCreateStatic
                0x000000000800d6ae       0x7c ./Middlewares/Third_Party/FreeRTOS/Source/timers.o
                0x000000000800d6ae                xTimerCreateStatic
 .text.prvInitialiseNewTimer
                0x000000000800d72a       0x76 ./Middlewares/Third_Party/FreeRTOS/Source/timers.o
 .text.xTimerGenericCommand
                0x000000000800d7a0       0x9c ./Middlewares/Third_Party/FreeRTOS/Source/timers.o
                0x000000000800d7a0                xTimerGenericCommand
 .text.prvProcessExpiredTimer
                0x000000000800d83c       0x98 ./Middlewares/Third_Party/FreeRTOS/Source/timers.o
 .text.prvTimerTask
                0x000000000800d8d4       0x24 ./Middlewares/Third_Party/FreeRTOS/Source/timers.o
 .text.prvProcessTimerOrBlockTask
                0x000000000800d8f8       0x9c ./Middlewares/Third_Party/FreeRTOS/Source/timers.o
 .text.prvGetNextExpireTime
                0x000000000800d994       0x48 ./Middlewares/Third_Party/FreeRTOS/Source/timers.o
 .text.prvSampleTimeNow
                0x000000000800d9dc       0x40 ./Middlewares/Third_Party/FreeRTOS/Source/timers.o
 .text.prvInsertTimerInActiveList
                0x000000000800da1c       0x84 ./Middlewares/Third_Party/FreeRTOS/Source/timers.o
 .text.prvProcessReceivedCommands
                0x000000000800daa0      0x1c4 ./Middlewares/Third_Party/FreeRTOS/Source/timers.o
 .text.prvSwitchTimerLists
                0x000000000800dc64       0xc8 ./Middlewares/Third_Party/FreeRTOS/Source/timers.o
 .text.prvCheckForValidListAndQueue
                0x000000000800dd2c       0x80 ./Middlewares/Third_Party/FreeRTOS/Source/timers.o
 .text.xTimerIsTimerActive
                0x000000000800ddac       0x52 ./Middlewares/Third_Party/FreeRTOS/Source/timers.o
                0x000000000800ddac                xTimerIsTimerActive
 .text.pvTimerGetTimerID
                0x000000000800ddfe       0x40 ./Middlewares/Third_Party/FreeRTOS/Source/timers.o
                0x000000000800ddfe                pvTimerGetTimerID
 *fill*         0x000000000800de3e        0x2 
 .text.xTimerPendFunctionCallFromISR
                0x000000000800de40       0x40 ./Middlewares/Third_Party/FreeRTOS/Source/timers.o
                0x000000000800de40                xTimerPendFunctionCallFromISR
 .text.pxPortInitialiseStack
                0x000000000800de80       0x68 ./Middlewares/Third_Party/FreeRTOS/Source/portable/GCC/ARM_CM4F/port.o
                0x000000000800de80                pxPortInitialiseStack
 .text.prvTaskExitError
                0x000000000800dee8       0x58 ./Middlewares/Third_Party/FreeRTOS/Source/portable/GCC/ARM_CM4F/port.o
 .text.SVC_Handler
                0x000000000800df40       0x28 ./Middlewares/Third_Party/FreeRTOS/Source/portable/GCC/ARM_CM4F/port.o
                0x000000000800df40                SVC_Handler
 .text.prvPortStartFirstTask
                0x000000000800df68       0x28 ./Middlewares/Third_Party/FreeRTOS/Source/portable/GCC/ARM_CM4F/port.o
 .text.xPortStartScheduler
                0x000000000800df90      0x144 ./Middlewares/Third_Party/FreeRTOS/Source/portable/GCC/ARM_CM4F/port.o
                0x000000000800df90                xPortStartScheduler
 .text.vPortEnterCritical
                0x000000000800e0d4       0x60 ./Middlewares/Third_Party/FreeRTOS/Source/portable/GCC/ARM_CM4F/port.o
                0x000000000800e0d4                vPortEnterCritical
 .text.vPortExitCritical
                0x000000000800e134       0x54 ./Middlewares/Third_Party/FreeRTOS/Source/portable/GCC/ARM_CM4F/port.o
                0x000000000800e134                vPortExitCritical
 *fill*         0x000000000800e188        0x8 
 .text.PendSV_Handler
                0x000000000800e190       0x68 ./Middlewares/Third_Party/FreeRTOS/Source/portable/GCC/ARM_CM4F/port.o
                0x000000000800e190                PendSV_Handler
 .text.xPortSysTickHandler
                0x000000000800e1f8       0x44 ./Middlewares/Third_Party/FreeRTOS/Source/portable/GCC/ARM_CM4F/port.o
                0x000000000800e1f8                xPortSysTickHandler
 .text.vPortSetupTimerInterrupt
                0x000000000800e23c       0x48 ./Middlewares/Third_Party/FreeRTOS/Source/portable/GCC/ARM_CM4F/port.o
                0x000000000800e23c                vPortSetupTimerInterrupt
 .text.vPortEnableVFP
                0x000000000800e284       0x14 ./Middlewares/Third_Party/FreeRTOS/Source/portable/GCC/ARM_CM4F/port.o
 .text.vPortValidateInterruptPriority
                0x000000000800e298       0x80 ./Middlewares/Third_Party/FreeRTOS/Source/portable/GCC/ARM_CM4F/port.o
                0x000000000800e298                vPortValidateInterruptPriority
 .text.pvPortMalloc
                0x000000000800e318      0x198 ./Middlewares/Third_Party/FreeRTOS/Source/portable/MemMang/heap_4.o
                0x000000000800e318                pvPortMalloc
 .text.vPortFree
                0x000000000800e4b0       0xc4 ./Middlewares/Third_Party/FreeRTOS/Source/portable/MemMang/heap_4.o
                0x000000000800e4b0                vPortFree
 .text.prvHeapInit
                0x000000000800e574       0xc4 ./Middlewares/Third_Party/FreeRTOS/Source/portable/MemMang/heap_4.o
 .text.prvInsertBlockIntoFreeList
                0x000000000800e638       0xb4 ./Middlewares/Third_Party/FreeRTOS/Source/portable/MemMang/heap_4.o
 .text.netconn_apimsg
                0x000000000800e6ec       0x3a ./Middlewares/Third_Party/LwIP/src/api/api_lib.o
 *fill*         0x000000000800e726        0x2 
 .text.netconn_new_with_proto_and_callback
                0x000000000800e728       0xf4 ./Middlewares/Third_Party/LwIP/src/api/api_lib.o
                0x000000000800e728                netconn_new_with_proto_and_callback
 .text.netconn_prepare_delete
                0x000000000800e81c       0x48 ./Middlewares/Third_Party/LwIP/src/api/api_lib.o
                0x000000000800e81c                netconn_prepare_delete
 .text.netconn_delete
                0x000000000800e864       0x36 ./Middlewares/Third_Party/LwIP/src/api/api_lib.o
                0x000000000800e864                netconn_delete
 *fill*         0x000000000800e89a        0x2 
 .text.netconn_connect
                0x000000000800e89c       0x70 ./Middlewares/Third_Party/LwIP/src/api/api_lib.o
                0x000000000800e89c                netconn_connect
 .text.netconn_recv_data
                0x000000000800e90c      0x190 ./Middlewares/Third_Party/LwIP/src/api/api_lib.o
 .text.netconn_tcp_recvd_msg
                0x000000000800ea9c       0x60 ./Middlewares/Third_Party/LwIP/src/api/api_lib.o
 .text.netconn_recv_data_tcp
                0x000000000800eafc      0x108 ./Middlewares/Third_Party/LwIP/src/api/api_lib.o
 .text.netconn_recv
                0x000000000800ec04       0xf4 ./Middlewares/Third_Party/LwIP/src/api/api_lib.o
                0x000000000800ec04                netconn_recv
 .text.netconn_write_partly
                0x000000000800ecf8       0x34 ./Middlewares/Third_Party/LwIP/src/api/api_lib.o
                0x000000000800ecf8                netconn_write_partly
 .text.netconn_write_vectors_partly
                0x000000000800ed2c      0x170 ./Middlewares/Third_Party/LwIP/src/api/api_lib.o
                0x000000000800ed2c                netconn_write_vectors_partly
 .text.netconn_close_shutdown
                0x000000000800ee9c       0x60 ./Middlewares/Third_Party/LwIP/src/api/api_lib.o
 .text.netconn_close
                0x000000000800eefc       0x1a ./Middlewares/Third_Party/LwIP/src/api/api_lib.o
                0x000000000800eefc                netconn_close
 .text.netconn_err
                0x000000000800ef16       0x36 ./Middlewares/Third_Party/LwIP/src/api/api_lib.o
                0x000000000800ef16                netconn_err
 .text.netconn_gethostbyname
                0x000000000800ef4c       0xb8 ./Middlewares/Third_Party/LwIP/src/api/api_lib.o
                0x000000000800ef4c                netconn_gethostbyname
 .text.lwip_netconn_err_to_msg
                0x000000000800f004       0x6c ./Middlewares/Third_Party/LwIP/src/api/api_msg.o
 .text.lwip_netconn_is_err_msg
                0x000000000800f070       0x74 ./Middlewares/Third_Party/LwIP/src/api/api_msg.o
                0x000000000800f070                lwip_netconn_is_err_msg
 .text.recv_udp
                0x000000000800f0e4       0xfc ./Middlewares/Third_Party/LwIP/src/api/api_msg.o
 .text.recv_tcp
                0x000000000800f1e0      0x10c ./Middlewares/Third_Party/LwIP/src/api/api_msg.o
 .text.poll_tcp
                0x000000000800f2ec       0xc8 ./Middlewares/Third_Party/LwIP/src/api/api_msg.o
 .text.sent_tcp
                0x000000000800f3b4       0xa8 ./Middlewares/Third_Party/LwIP/src/api/api_msg.o
 .text.err_tcp  0x000000000800f45c      0x1ac ./Middlewares/Third_Party/LwIP/src/api/api_msg.o
 .text.setup_tcp
                0x000000000800f608       0x50 ./Middlewares/Third_Party/LwIP/src/api/api_msg.o
 .text.pcb_new  0x000000000800f658       0xd4 ./Middlewares/Third_Party/LwIP/src/api/api_msg.o
 .text.lwip_netconn_do_newconn
                0x000000000800f72c       0x2a ./Middlewares/Third_Party/LwIP/src/api/api_msg.o
                0x000000000800f72c                lwip_netconn_do_newconn
 *fill*         0x000000000800f756        0x2 
 .text.netconn_alloc
                0x000000000800f758       0xdc ./Middlewares/Third_Party/LwIP/src/api/api_msg.o
                0x000000000800f758                netconn_alloc
 .text.netconn_free
                0x000000000800f834       0x94 ./Middlewares/Third_Party/LwIP/src/api/api_msg.o
                0x000000000800f834                netconn_free
 .text.netconn_drain
                0x000000000800f8c8       0xfa ./Middlewares/Third_Party/LwIP/src/api/api_msg.o
 *fill*         0x000000000800f9c2        0x2 
 .text.lwip_netconn_do_close_internal
                0x000000000800f9c4      0x2cc ./Middlewares/Third_Party/LwIP/src/api/api_msg.o
 .text.lwip_netconn_do_delconn
                0x000000000800fc90      0x1c8 ./Middlewares/Third_Party/LwIP/src/api/api_msg.o
                0x000000000800fc90                lwip_netconn_do_delconn
 .text.lwip_netconn_do_connected
                0x000000000800fe58      0x120 ./Middlewares/Third_Party/LwIP/src/api/api_msg.o
 .text.lwip_netconn_do_connect
                0x000000000800ff78      0x17c ./Middlewares/Third_Party/LwIP/src/api/api_msg.o
                0x000000000800ff78                lwip_netconn_do_connect
 .text.lwip_netconn_do_recv